.next/types/app/interactive-demo-hub/page.ts(2,24): error TS2306: File 'C:/Users/krris/OneDrive/Desktop/DSA EL/src/app/interactive-demo-hub/page.tsx' is not a module.
.next/types/app/interactive-demo-hub/page.ts(5,29): error TS2306: File 'C:/Users/krris/OneDrive/Desktop/DSA EL/src/app/interactive-demo-hub/page.tsx' is not a module.
src/app/about/page.tsx(9,9): error TS2339: Property 'div' does not exist on type 'JSX.IntrinsicElements'.
src/app/about/page.tsx(10,13): error TS2339: Property 'section' does not exist on type 'JSX.IntrinsicElements'.
src/app/about/page.tsx(14,21): error TS2322: Type '{ initial: { opacity: number; scale: number; }; animate: { opacity: number; scale: number; }; className: string; }' is not assignable to type 'AttributesWithoutMotionProps<unknown> & MotionProps & RefAttributes<HTMLHeadingElement>'.
  Property 'className' does not exist on type 'AttributesWithoutMotionProps<unknown> & MotionProps & RefAttributes<HTMLHeadingElement>'.
src/app/about/page.tsx(18,17): error TS2339: Property 'p' does not exist on type 'JSX.IntrinsicElements'.
src/app/about/page.tsx(21,17): error TS2339: Property 'p' does not exist on type 'JSX.IntrinsicElements'.
src/app/about/page.tsx(22,13): error TS2339: Property 'section' does not exist on type 'JSX.IntrinsicElements'.
src/app/about/page.tsx(24,13): error TS2339: Property 'div' does not exist on type 'JSX.IntrinsicElements'.
src/app/about/page.tsx(25,17): error TS2339: Property 'div' does not exist on type 'JSX.IntrinsicElements'.
src/app/about/page.tsx(26,21): error TS2339: Property 'h3' does not exist on type 'JSX.IntrinsicElements'.
src/app/about/page.tsx(26,71): error TS2339: Property 'h3' does not exist on type 'JSX.IntrinsicElements'.
src/app/about/page.tsx(27,21): error TS2339: Property 'p' does not exist on type 'JSX.IntrinsicElements'.
src/app/about/page.tsx(31,21): error TS2339: Property 'p' does not exist on type 'JSX.IntrinsicElements'.
src/app/about/page.tsx(32,17): error TS2339: Property 'div' does not exist on type 'JSX.IntrinsicElements'.
src/app/about/page.tsx(34,17): error TS2339: Property 'div' does not exist on type 'JSX.IntrinsicElements'.
src/app/about/page.tsx(35,21): error TS2339: Property 'h3' does not exist on type 'JSX.IntrinsicElements'.
src/app/about/page.tsx(35,81): error TS2339: Property 'h3' does not exist on type 'JSX.IntrinsicElements'.
src/app/about/page.tsx(36,21): error TS2339: Property 'p' does not exist on type 'JSX.IntrinsicElements'.
src/app/about/page.tsx(40,21): error TS2339: Property 'p' does not exist on type 'JSX.IntrinsicElements'.
src/app/about/page.tsx(41,17): error TS2339: Property 'div' does not exist on type 'JSX.IntrinsicElements'.
src/app/about/page.tsx(42,13): error TS2339: Property 'div' does not exist on type 'JSX.IntrinsicElements'.
src/app/about/page.tsx(44,13): error TS2339: Property 'section' does not exist on type 'JSX.IntrinsicElements'.
src/app/about/page.tsx(45,17): error TS2339: Property 'div' does not exist on type 'JSX.IntrinsicElements'.
src/app/about/page.tsx(46,21): error TS2339: Property 'div' does not exist on type 'JSX.IntrinsicElements'.
src/app/about/page.tsx(47,21): error TS2339: Property 'h3' does not exist on type 'JSX.IntrinsicElements'.
src/app/about/page.tsx(47,153): error TS2339: Property 'h3' does not exist on type 'JSX.IntrinsicElements'.
src/app/about/page.tsx(48,21): error TS2339: Property 'div' does not exist on type 'JSX.IntrinsicElements'.
src/app/about/page.tsx(49,17): error TS2339: Property 'div' does not exist on type 'JSX.IntrinsicElements'.
src/app/about/page.tsx(51,17): error TS2339: Property 'div' does not exist on type 'JSX.IntrinsicElements'.
src/app/about/page.tsx(60,17): error TS2339: Property 'div' does not exist on type 'JSX.IntrinsicElements'.
src/app/about/page.tsx(61,13): error TS2339: Property 'section' does not exist on type 'JSX.IntrinsicElements'.
src/app/about/page.tsx(63,13): error TS2339: Property 'section' does not exist on type 'JSX.IntrinsicElements'.
src/app/about/page.tsx(64,17): error TS2339: Property 'h3' does not exist on type 'JSX.IntrinsicElements'.
src/app/about/page.tsx(64,76): error TS2339: Property 'h3' does not exist on type 'JSX.IntrinsicElements'.
src/app/about/page.tsx(65,17): error TS2339: Property 'div' does not exist on type 'JSX.IntrinsicElements'.
src/app/about/page.tsx(69,17): error TS2339: Property 'div' does not exist on type 'JSX.IntrinsicElements'.
src/app/about/page.tsx(70,17): error TS2339: Property 'p' does not exist on type 'JSX.IntrinsicElements'.
src/app/about/page.tsx(72,17): error TS2339: Property 'p' does not exist on type 'JSX.IntrinsicElements'.
src/app/about/page.tsx(73,13): error TS2339: Property 'section' does not exist on type 'JSX.IntrinsicElements'.
src/app/about/page.tsx(74,9): error TS2339: Property 'div' does not exist on type 'JSX.IntrinsicElements'.
src/app/about/page.tsx(80,9): error TS2339: Property 'div' does not exist on type 'JSX.IntrinsicElements'.
src/app/about/page.tsx(81,13): error TS2339: Property 'p' does not exist on type 'JSX.IntrinsicElements'.
src/app/about/page.tsx(81,99): error TS2339: Property 'p' does not exist on type 'JSX.IntrinsicElements'.
src/app/about/page.tsx(82,13): error TS2339: Property 'p' does not exist on type 'JSX.IntrinsicElements'.
src/app/about/page.tsx(82,69): error TS2339: Property 'p' does not exist on type 'JSX.IntrinsicElements'.
src/app/about/page.tsx(83,9): error TS2339: Property 'div' does not exist on type 'JSX.IntrinsicElements'.
src/app/about/page.tsx(89,9): error TS2339: Property 'a' does not exist on type 'JSX.IntrinsicElements'.
src/app/about/page.tsx(94,9): error TS2339: Property 'a' does not exist on type 'JSX.IntrinsicElements'.
src/app/algorithm-visualizer/components/AlgorithmVisualizerInteractive.tsx(21,5): error TS2339: Property 'div' does not exist on type 'JSX.IntrinsicElements'.
src/app/algorithm-visualizer/components/AlgorithmVisualizerInteractive.tsx(22,7): error TS2339: Property 'div' does not exist on type 'JSX.IntrinsicElements'.
src/app/algorithm-visualizer/components/AlgorithmVisualizerInteractive.tsx(23,9): error TS2339: Property 'div' does not exist on type 'JSX.IntrinsicElements'.
src/app/algorithm-visualizer/components/AlgorithmVisualizerInteractive.tsx(24,11): error TS2339: Property 'input' does not exist on type 'JSX.IntrinsicElements'.
src/app/algorithm-visualizer/components/AlgorithmVisualizerInteractive.tsx(27,24): error TS7006: Parameter 'e' implicitly has an 'any' type.
src/app/algorithm-visualizer/components/AlgorithmVisualizerInteractive.tsx(32,9): error TS2339: Property 'div' does not exist on type 'JSX.IntrinsicElements'.
src/app/algorithm-visualizer/components/AlgorithmVisualizerInteractive.tsx(33,9): error TS2339: Property 'div' does not exist on type 'JSX.IntrinsicElements'.
src/app/algorithm-visualizer/components/AlgorithmVisualizerInteractive.tsx(34,11): error TS2339: Property 'input' does not exist on type 'JSX.IntrinsicElements'.
src/app/algorithm-visualizer/components/AlgorithmVisualizerInteractive.tsx(37,24): error TS7006: Parameter 'e' implicitly has an 'any' type.
src/app/algorithm-visualizer/components/AlgorithmVisualizerInteractive.tsx(42,9): error TS2339: Property 'div' does not exist on type 'JSX.IntrinsicElements'.
src/app/algorithm-visualizer/components/AlgorithmVisualizerInteractive.tsx(43,7): error TS2339: Property 'div' does not exist on type 'JSX.IntrinsicElements'.
src/app/algorithm-visualizer/components/AlgorithmVisualizerInteractive.tsx(45,7): error TS2339: Property 'div' does not exist on type 'JSX.IntrinsicElements'.
src/app/algorithm-visualizer/components/AlgorithmVisualizerInteractive.tsx(58,7): error TS2339: Property 'div' does not exist on type 'JSX.IntrinsicElements'.
src/app/algorithm-visualizer/components/AlgorithmVisualizerInteractive.tsx(60,7): error TS2339: Property 'div' does not exist on type 'JSX.IntrinsicElements'.
src/app/algorithm-visualizer/components/AlgorithmVisualizerInteractive.tsx(61,9): error TS2339: Property 'div' does not exist on type 'JSX.IntrinsicElements'.
src/app/algorithm-visualizer/components/AlgorithmVisualizerInteractive.tsx(67,9): error TS2339: Property 'div' does not exist on type 'JSX.IntrinsicElements'.
src/app/algorithm-visualizer/components/AlgorithmVisualizerInteractive.tsx(68,9): error TS2339: Property 'div' does not exist on type 'JSX.IntrinsicElements'.
src/app/algorithm-visualizer/components/AlgorithmVisualizerInteractive.tsx(73,13): error TS2322: Type '{ initial: { opacity: number; }; animate: { opacity: number; }; className: string; }' is not assignable to type 'AttributesWithoutMotionProps<unknown> & MotionProps & RefAttributes<HTMLDivElement>'.
  Property 'className' does not exist on type 'AttributesWithoutMotionProps<unknown> & MotionProps & RefAttributes<HTMLDivElement>'.
src/app/algorithm-visualizer/components/AlgorithmVisualizerInteractive.tsx(75,13): error TS2339: Property 'h4' does not exist on type 'JSX.IntrinsicElements'.
src/app/algorithm-visualizer/components/AlgorithmVisualizerInteractive.tsx(75,116): error TS2339: Property 'h4' does not exist on type 'JSX.IntrinsicElements'.
src/app/algorithm-visualizer/components/AlgorithmVisualizerInteractive.tsx(76,13): error TS2339: Property 'p' does not exist on type 'JSX.IntrinsicElements'.
src/app/algorithm-visualizer/components/AlgorithmVisualizerInteractive.tsx(79,13): error TS2339: Property 'p' does not exist on type 'JSX.IntrinsicElements'.
src/app/algorithm-visualizer/components/AlgorithmVisualizerInteractive.tsx(81,9): error TS2339: Property 'div' does not exist on type 'JSX.IntrinsicElements'.
src/app/algorithm-visualizer/components/AlgorithmVisualizerInteractive.tsx(82,7): error TS2339: Property 'div' does not exist on type 'JSX.IntrinsicElements'.
src/app/algorithm-visualizer/components/AlgorithmVisualizerInteractive.tsx(83,5): error TS2339: Property 'div' does not exist on type 'JSX.IntrinsicElements'.
src/app/algorithm-visualizer/components/AlgorithmVisualizerInteractive.tsx(89,5): error TS2339: Property 'button' does not exist on type 'JSX.IntrinsicElements'.
src/app/algorithm-visualizer/components/AlgorithmVisualizerInteractive.tsx(97,7): error TS2339: Property 'span' does not exist on type 'JSX.IntrinsicElements'.
src/app/algorithm-visualizer/components/AlgorithmVisualizerInteractive.tsx(97,20): error TS2339: Property 'span' does not exist on type 'JSX.IntrinsicElements'.
src/app/algorithm-visualizer/components/AlgorithmVisualizerInteractive.tsx(98,5): error TS2339: Property 'button' does not exist on type 'JSX.IntrinsicElements'.
src/app/algorithm-visualizer/components/CodeExplanationPanel.tsx(9,5): error TS2339: Property 'div' does not exist on type 'JSX.IntrinsicElements'.
src/app/algorithm-visualizer/components/CodeExplanationPanel.tsx(10,7): error TS2339: Property 'div' does not exist on type 'JSX.IntrinsicElements'.
src/app/algorithm-visualizer/components/CodeExplanationPanel.tsx(12,9): error TS2339: Property 'h3' does not exist on type 'JSX.IntrinsicElements'.
src/app/algorithm-visualizer/components/CodeExplanationPanel.tsx(12,107): error TS2339: Property 'h3' does not exist on type 'JSX.IntrinsicElements'.
src/app/algorithm-visualizer/components/CodeExplanationPanel.tsx(13,7): error TS2339: Property 'div' does not exist on type 'JSX.IntrinsicElements'.
src/app/algorithm-visualizer/components/CodeExplanationPanel.tsx(15,7): error TS2339: Property 'div' does not exist on type 'JSX.IntrinsicElements'.
src/app/algorithm-visualizer/components/CodeExplanationPanel.tsx(16,9): error TS2339: Property 'div' does not exist on type 'JSX.IntrinsicElements'.
src/app/algorithm-visualizer/components/CodeExplanationPanel.tsx(18,11): error TS2339: Property 'span' does not exist on type 'JSX.IntrinsicElements'.
src/app/algorithm-visualizer/components/CodeExplanationPanel.tsx(18,40): error TS2339: Property 'span' does not exist on type 'JSX.IntrinsicElements'.
src/app/algorithm-visualizer/components/CodeExplanationPanel.tsx(19,9): error TS2339: Property 'div' does not exist on type 'JSX.IntrinsicElements'.
src/app/algorithm-visualizer/components/CodeExplanationPanel.tsx(20,9): error TS2339: Property 'pre' does not exist on type 'JSX.IntrinsicElements'.
src/app/algorithm-visualizer/components/CodeExplanationPanel.tsx(34,9): error TS2339: Property 'pre' does not exist on type 'JSX.IntrinsicElements'.
src/app/algorithm-visualizer/components/CodeExplanationPanel.tsx(35,7): error TS2339: Property 'div' does not exist on type 'JSX.IntrinsicElements'.
src/app/algorithm-visualizer/components/CodeExplanationPanel.tsx(37,7): error TS2339: Property 'p' does not exist on type 'JSX.IntrinsicElements'.
src/app/algorithm-visualizer/components/CodeExplanationPanel.tsx(39,7): error TS2339: Property 'p' does not exist on type 'JSX.IntrinsicElements'.
src/app/algorithm-visualizer/components/CodeExplanationPanel.tsx(40,5): error TS2339: Property 'div' does not exist on type 'JSX.IntrinsicElements'.
src/app/algorithm-visualizer/components/DataStructureExplorer.tsx(9,5): error TS2339: Property 'div' does not exist on type 'JSX.IntrinsicElements'.
src/app/algorithm-visualizer/components/DataStructureExplorer.tsx(10,7): error TS2339: Property 'div' does not exist on type 'JSX.IntrinsicElements'.
src/app/algorithm-visualizer/components/DataStructureExplorer.tsx(11,9): error TS2339: Property 'div' does not exist on type 'JSX.IntrinsicElements'.
src/app/algorithm-visualizer/components/DataStructureExplorer.tsx(13,11): error TS2339: Property 'h3' does not exist on type 'JSX.IntrinsicElements'.
src/app/algorithm-visualizer/components/DataStructureExplorer.tsx(13,106): error TS2339: Property 'h3' does not exist on type 'JSX.IntrinsicElements'.
src/app/algorithm-visualizer/components/DataStructureExplorer.tsx(14,9): error TS2339: Property 'div' does not exist on type 'JSX.IntrinsicElements'.
src/app/algorithm-visualizer/components/DataStructureExplorer.tsx(16,7): error TS2339: Property 'div' does not exist on type 'JSX.IntrinsicElements'.
src/app/algorithm-visualizer/components/DataStructureExplorer.tsx(18,7): error TS2339: Property 'div' does not exist on type 'JSX.IntrinsicElements'.
src/app/algorithm-visualizer/components/DataStructureExplorer.tsx(25,11): error TS2339: Property 'div' does not exist on type 'JSX.IntrinsicElements'.
src/app/algorithm-visualizer/components/DataStructureExplorer.tsx(26,13): error TS2339: Property 'span' does not exist on type 'JSX.IntrinsicElements'.
src/app/algorithm-visualizer/components/DataStructureExplorer.tsx(26,97): error TS2339: Property 'span' does not exist on type 'JSX.IntrinsicElements'.
src/app/algorithm-visualizer/components/DataStructureExplorer.tsx(27,13): error TS2339: Property 'span' does not exist on type 'JSX.IntrinsicElements'.
src/app/algorithm-visualizer/components/DataStructureExplorer.tsx(27,89): error TS2339: Property 'span' does not exist on type 'JSX.IntrinsicElements'.
src/app/algorithm-visualizer/components/DataStructureExplorer.tsx(28,11): error TS2339: Property 'div' does not exist on type 'JSX.IntrinsicElements'.
src/app/algorithm-visualizer/components/DataStructureExplorer.tsx(30,7): error TS2339: Property 'div' does not exist on type 'JSX.IntrinsicElements'.
src/app/algorithm-visualizer/components/DataStructureExplorer.tsx(32,7): error TS2339: Property 'div' does not exist on type 'JSX.IntrinsicElements'.
src/app/algorithm-visualizer/components/DataStructureExplorer.tsx(34,9): error TS2339: Property 'span' does not exist on type 'JSX.IntrinsicElements'.
src/app/algorithm-visualizer/components/DataStructureExplorer.tsx(34,109): error TS2339: Property 'span' does not exist on type 'JSX.IntrinsicElements'.
src/app/algorithm-visualizer/components/DataStructureExplorer.tsx(35,7): error TS2339: Property 'div' does not exist on type 'JSX.IntrinsicElements'.
src/app/algorithm-visualizer/components/DataStructureExplorer.tsx(36,5): error TS2339: Property 'div' does not exist on type 'JSX.IntrinsicElements'.
src/app/algorithm-visualizer/components/EditDistanceMatrix.tsx(104,5): error TS2339: Property 'div' does not exist on type 'JSX.IntrinsicElements'.
src/app/algorithm-visualizer/components/EditDistanceMatrix.tsx(105,7): error TS2339: Property 'div' does not exist on type 'JSX.IntrinsicElements'.
src/app/algorithm-visualizer/components/EditDistanceMatrix.tsx(106,9): error TS2339: Property 'div' does not exist on type 'JSX.IntrinsicElements'.
src/app/algorithm-visualizer/components/EditDistanceMatrix.tsx(108,11): error TS2339: Property 'h3' does not exist on type 'JSX.IntrinsicElements'.
src/app/algorithm-visualizer/components/EditDistanceMatrix.tsx(108,101): error TS2339: Property 'h3' does not exist on type 'JSX.IntrinsicElements'.
src/app/algorithm-visualizer/components/EditDistanceMatrix.tsx(109,9): error TS2339: Property 'div' does not exist on type 'JSX.IntrinsicElements'.
src/app/algorithm-visualizer/components/EditDistanceMatrix.tsx(111,9): error TS2339: Property 'div' does not exist on type 'JSX.IntrinsicElements'.
src/app/algorithm-visualizer/components/EditDistanceMatrix.tsx(112,11): error TS2339: Property 'button' does not exist on type 'JSX.IntrinsicElements'.
src/app/algorithm-visualizer/components/EditDistanceMatrix.tsx(118,11): error TS2339: Property 'button' does not exist on type 'JSX.IntrinsicElements'.
src/app/algorithm-visualizer/components/EditDistanceMatrix.tsx(119,11): error TS2339: Property 'button' does not exist on type 'JSX.IntrinsicElements'.
src/app/algorithm-visualizer/components/EditDistanceMatrix.tsx(125,11): error TS2339: Property 'button' does not exist on type 'JSX.IntrinsicElements'.
src/app/algorithm-visualizer/components/EditDistanceMatrix.tsx(126,11): error TS2339: Property 'button' does not exist on type 'JSX.IntrinsicElements'.
src/app/algorithm-visualizer/components/EditDistanceMatrix.tsx(132,11): error TS2339: Property 'button' does not exist on type 'JSX.IntrinsicElements'.
src/app/algorithm-visualizer/components/EditDistanceMatrix.tsx(133,9): error TS2339: Property 'div' does not exist on type 'JSX.IntrinsicElements'.
src/app/algorithm-visualizer/components/EditDistanceMatrix.tsx(134,7): error TS2339: Property 'div' does not exist on type 'JSX.IntrinsicElements'.
src/app/algorithm-visualizer/components/EditDistanceMatrix.tsx(136,7): error TS2339: Property 'div' does not exist on type 'JSX.IntrinsicElements'.
src/app/algorithm-visualizer/components/EditDistanceMatrix.tsx(137,9): error TS2339: Property 'table' does not exist on type 'JSX.IntrinsicElements'.
src/app/algorithm-visualizer/components/EditDistanceMatrix.tsx(138,11): error TS2339: Property 'thead' does not exist on type 'JSX.IntrinsicElements'.
src/app/algorithm-visualizer/components/EditDistanceMatrix.tsx(139,13): error TS2339: Property 'tr' does not exist on type 'JSX.IntrinsicElements'.
src/app/algorithm-visualizer/components/EditDistanceMatrix.tsx(140,15): error TS2339: Property 'th' does not exist on type 'JSX.IntrinsicElements'.
src/app/algorithm-visualizer/components/EditDistanceMatrix.tsx(140,110): error TS2339: Property 'th' does not exist on type 'JSX.IntrinsicElements'.
src/app/algorithm-visualizer/components/EditDistanceMatrix.tsx(141,15): error TS2339: Property 'th' does not exist on type 'JSX.IntrinsicElements'.
src/app/algorithm-visualizer/components/EditDistanceMatrix.tsx(141,110): error TS2339: Property 'th' does not exist on type 'JSX.IntrinsicElements'.
src/app/algorithm-visualizer/components/EditDistanceMatrix.tsx(143,17): error TS2339: Property 'th' does not exist on type 'JSX.IntrinsicElements'.
src/app/algorithm-visualizer/components/EditDistanceMatrix.tsx(145,17): error TS2339: Property 'th' does not exist on type 'JSX.IntrinsicElements'.
src/app/algorithm-visualizer/components/EditDistanceMatrix.tsx(147,13): error TS2339: Property 'tr' does not exist on type 'JSX.IntrinsicElements'.
src/app/algorithm-visualizer/components/EditDistanceMatrix.tsx(148,11): error TS2339: Property 'thead' does not exist on type 'JSX.IntrinsicElements'.
src/app/algorithm-visualizer/components/EditDistanceMatrix.tsx(149,11): error TS2339: Property 'tbody' does not exist on type 'JSX.IntrinsicElements'.
src/app/algorithm-visualizer/components/EditDistanceMatrix.tsx(150,13): error TS2339: Property 'tr' does not exist on type 'JSX.IntrinsicElements'.
src/app/algorithm-visualizer/components/EditDistanceMatrix.tsx(151,15): error TS2339: Property 'td' does not exist on type 'JSX.IntrinsicElements'.
src/app/algorithm-visualizer/components/EditDistanceMatrix.tsx(151,112): error TS2339: Property 'td' does not exist on type 'JSX.IntrinsicElements'.
src/app/algorithm-visualizer/components/EditDistanceMatrix.tsx(154,19): error TS2322: Type '{ key: string; value: number; active: boolean; }' is not assignable to type '{ value: number; active: boolean; }'.
  Property 'key' does not exist on type '{ value: number; active: boolean; }'.
src/app/algorithm-visualizer/components/EditDistanceMatrix.tsx(159,13): error TS2339: Property 'tr' does not exist on type 'JSX.IntrinsicElements'.
src/app/algorithm-visualizer/components/EditDistanceMatrix.tsx(161,15): error TS2339: Property 'tr' does not exist on type 'JSX.IntrinsicElements'.
src/app/algorithm-visualizer/components/EditDistanceMatrix.tsx(162,17): error TS2339: Property 'td' does not exist on type 'JSX.IntrinsicElements'.
src/app/algorithm-visualizer/components/EditDistanceMatrix.tsx(164,17): error TS2339: Property 'td' does not exist on type 'JSX.IntrinsicElements'.
src/app/algorithm-visualizer/components/EditDistanceMatrix.tsx(167,21): error TS2322: Type '{ key: string; value: number; active: boolean; }' is not assignable to type '{ value: number; active: boolean; }'.
  Property 'key' does not exist on type '{ value: number; active: boolean; }'.
src/app/algorithm-visualizer/components/EditDistanceMatrix.tsx(172,15): error TS2339: Property 'tr' does not exist on type 'JSX.IntrinsicElements'.
src/app/algorithm-visualizer/components/EditDistanceMatrix.tsx(174,11): error TS2339: Property 'tbody' does not exist on type 'JSX.IntrinsicElements'.
src/app/algorithm-visualizer/components/EditDistanceMatrix.tsx(175,9): error TS2339: Property 'table' does not exist on type 'JSX.IntrinsicElements'.
src/app/algorithm-visualizer/components/EditDistanceMatrix.tsx(176,7): error TS2339: Property 'div' does not exist on type 'JSX.IntrinsicElements'.
src/app/algorithm-visualizer/components/EditDistanceMatrix.tsx(183,11): error TS2322: Type '{ initial: { opacity: number; y: number; }; animate: { opacity: number; y: number; }; key: number; className: string; }' is not assignable to type 'AttributesWithoutMotionProps<unknown> & MotionProps & RefAttributes<HTMLDivElement>'.
  Property 'className' does not exist on type 'AttributesWithoutMotionProps<unknown> & MotionProps & RefAttributes<HTMLDivElement>'.
src/app/algorithm-visualizer/components/EditDistanceMatrix.tsx(186,11): error TS2339: Property 'div' does not exist on type 'JSX.IntrinsicElements'.
src/app/algorithm-visualizer/components/EditDistanceMatrix.tsx(187,13): error TS2339: Property 'p' does not exist on type 'JSX.IntrinsicElements'.
src/app/algorithm-visualizer/components/EditDistanceMatrix.tsx(189,13): error TS2339: Property 'p' does not exist on type 'JSX.IntrinsicElements'.
src/app/algorithm-visualizer/components/EditDistanceMatrix.tsx(190,13): error TS2339: Property 'p' does not exist on type 'JSX.IntrinsicElements'.
src/app/algorithm-visualizer/components/EditDistanceMatrix.tsx(192,13): error TS2339: Property 'p' does not exist on type 'JSX.IntrinsicElements'.
src/app/algorithm-visualizer/components/EditDistanceMatrix.tsx(193,11): error TS2339: Property 'div' does not exist on type 'JSX.IntrinsicElements'.
src/app/algorithm-visualizer/components/EditDistanceMatrix.tsx(196,5): error TS2339: Property 'div' does not exist on type 'JSX.IntrinsicElements'.
src/app/algorithm-visualizer/components/EditDistanceMatrix.tsx(205,5): error TS2339: Property 'td' does not exist on type 'JSX.IntrinsicElements'.
src/app/algorithm-visualizer/components/EditDistanceMatrix.tsx(218,5): error TS2339: Property 'td' does not exist on type 'JSX.IntrinsicElements'.
src/app/algorithm-visualizer/components/TrieVisualization.tsx(10,5): error TS2339: Property 'div' does not exist on type 'JSX.IntrinsicElements'.
src/app/algorithm-visualizer/components/TrieVisualization.tsx(11,7): error TS2339: Property 'div' does not exist on type 'JSX.IntrinsicElements'.
src/app/algorithm-visualizer/components/TrieVisualization.tsx(13,9): error TS2339: Property 'h3' does not exist on type 'JSX.IntrinsicElements'.
src/app/algorithm-visualizer/components/TrieVisualization.tsx(13,112): error TS2339: Property 'h3' does not exist on type 'JSX.IntrinsicElements'.
src/app/algorithm-visualizer/components/TrieVisualization.tsx(14,7): error TS2339: Property 'div' does not exist on type 'JSX.IntrinsicElements'.
src/app/algorithm-visualizer/components/TrieVisualization.tsx(16,7): error TS2339: Property 'div' does not exist on type 'JSX.IntrinsicElements'.
src/app/algorithm-visualizer/components/TrieVisualization.tsx(19,7): error TS2339: Property 'div' does not exist on type 'JSX.IntrinsicElements'.
src/app/algorithm-visualizer/components/TrieVisualization.tsx(21,7): error TS2339: Property 'div' does not exist on type 'JSX.IntrinsicElements'.
src/app/algorithm-visualizer/components/TrieVisualization.tsx(22,9): error TS2339: Property 'div' does not exist on type 'JSX.IntrinsicElements'.
src/app/algorithm-visualizer/components/TrieVisualization.tsx(23,11): error TS2339: Property 'div' does not exist on type 'JSX.IntrinsicElements'.
src/app/algorithm-visualizer/components/TrieVisualization.tsx(29,17): error TS2322: Type '{ key: number; animate: { y: number[]; }; transition: { repeat: number; duration: number; delay: number; }; className: string; }' is not assignable to type 'AttributesWithoutMotionProps<unknown> & MotionProps & RefAttributes<HTMLDivElement>'.
  Property 'className' does not exist on type 'AttributesWithoutMotionProps<unknown> & MotionProps & RefAttributes<HTMLDivElement>'.
src/app/algorithm-visualizer/components/TrieVisualization.tsx(32,11): error TS2339: Property 'div' does not exist on type 'JSX.IntrinsicElements'.
src/app/algorithm-visualizer/components/TrieVisualization.tsx(33,11): error TS2339: Property 'p' does not exist on type 'JSX.IntrinsicElements'.
src/app/algorithm-visualizer/components/TrieVisualization.tsx(33,120): error TS2339: Property 'p' does not exist on type 'JSX.IntrinsicElements'.
src/app/algorithm-visualizer/components/TrieVisualization.tsx(34,9): error TS2339: Property 'div' does not exist on type 'JSX.IntrinsicElements'.
src/app/algorithm-visualizer/components/TrieVisualization.tsx(35,7): error TS2339: Property 'div' does not exist on type 'JSX.IntrinsicElements'.
src/app/algorithm-visualizer/components/TrieVisualization.tsx(36,5): error TS2339: Property 'div' does not exist on type 'JSX.IntrinsicElements'.
src/app/algorithm-visualizer/components/TrieVisualization.tsx(42,5): error TS2339: Property 'div' does not exist on type 'JSX.IntrinsicElements'.
src/app/algorithm-visualizer/components/TrieVisualization.tsx(43,7): error TS2339: Property 'div' does not exist on type 'JSX.IntrinsicElements'.
src/app/algorithm-visualizer/components/TrieVisualization.tsx(45,9): error TS2339: Property 'span' does not exist on type 'JSX.IntrinsicElements'.
src/app/algorithm-visualizer/components/TrieVisualization.tsx(45,76): error TS2339: Property 'span' does not exist on type 'JSX.IntrinsicElements'.
src/app/algorithm-visualizer/components/TrieVisualization.tsx(46,7): error TS2339: Property 'div' does not exist on type 'JSX.IntrinsicElements'.
src/app/algorithm-visualizer/components/TrieVisualization.tsx(47,7): error TS2339: Property 'p' does not exist on type 'JSX.IntrinsicElements'.
src/app/algorithm-visualizer/components/TrieVisualization.tsx(47,47): error TS2339: Property 'p' does not exist on type 'JSX.IntrinsicElements'.
src/app/algorithm-visualizer/components/TrieVisualization.tsx(48,5): error TS2339: Property 'div' does not exist on type 'JSX.IntrinsicElements'.
src/app/algorithm-visualizer/page.tsx(11,5): error TS2339: Property 'div' does not exist on type 'JSX.IntrinsicElements'.
src/app/algorithm-visualizer/page.tsx(12,7): error TS2339: Property 'div' does not exist on type 'JSX.IntrinsicElements'.
src/app/algorithm-visualizer/page.tsx(13,9): error TS2339: Property 'h1' does not exist on type 'JSX.IntrinsicElements'.
src/app/algorithm-visualizer/page.tsx(13,73): error TS2339: Property 'h1' does not exist on type 'JSX.IntrinsicElements'.
src/app/algorithm-visualizer/page.tsx(14,9): error TS2339: Property 'p' does not exist on type 'JSX.IntrinsicElements'.
src/app/algorithm-visualizer/page.tsx(17,9): error TS2339: Property 'p' does not exist on type 'JSX.IntrinsicElements'.
src/app/algorithm-visualizer/page.tsx(18,7): error TS2339: Property 'div' does not exist on type 'JSX.IntrinsicElements'.
src/app/algorithm-visualizer/page.tsx(22,7): error TS2339: Property 'div' does not exist on type 'JSX.IntrinsicElements'.
src/app/algorithm-visualizer/page.tsx(25,7): error TS2339: Property 'div' does not exist on type 'JSX.IntrinsicElements'.
src/app/algorithm-visualizer/page.tsx(26,5): error TS2339: Property 'div' does not exist on type 'JSX.IntrinsicElements'.
src/app/autocomplete-engine/components/AutocompleteEngineContent.tsx(1110,7): error TS2339: Property 'div' does not exist on type 'JSX.IntrinsicElements'.
src/app/autocomplete-engine/components/AutocompleteEngineContent.tsx(1111,9): error TS2339: Property 'div' does not exist on type 'JSX.IntrinsicElements'.
src/app/autocomplete-engine/components/AutocompleteEngineContent.tsx(1112,11): error TS2339: Property 'div' does not exist on type 'JSX.IntrinsicElements'.
src/app/autocomplete-engine/components/AutocompleteEngineContent.tsx(1113,13): error TS2339: Property 'div' does not exist on type 'JSX.IntrinsicElements'.
src/app/autocomplete-engine/components/AutocompleteEngineContent.tsx(1114,15): error TS2339: Property 'h1' does not exist on type 'JSX.IntrinsicElements'.
src/app/autocomplete-engine/components/AutocompleteEngineContent.tsx(1116,15): error TS2339: Property 'h1' does not exist on type 'JSX.IntrinsicElements'.
src/app/autocomplete-engine/components/AutocompleteEngineContent.tsx(1117,15): error TS2339: Property 'p' does not exist on type 'JSX.IntrinsicElements'.
src/app/autocomplete-engine/components/AutocompleteEngineContent.tsx(1117,70): error TS2339: Property 'p' does not exist on type 'JSX.IntrinsicElements'.
src/app/autocomplete-engine/components/AutocompleteEngineContent.tsx(1118,13): error TS2339: Property 'div' does not exist on type 'JSX.IntrinsicElements'.
src/app/autocomplete-engine/components/AutocompleteEngineContent.tsx(1119,11): error TS2339: Property 'div' does not exist on type 'JSX.IntrinsicElements'.
src/app/autocomplete-engine/components/AutocompleteEngineContent.tsx(1120,9): error TS2339: Property 'div' does not exist on type 'JSX.IntrinsicElements'.
src/app/autocomplete-engine/components/AutocompleteEngineContent.tsx(1121,7): error TS2339: Property 'div' does not exist on type 'JSX.IntrinsicElements'.
src/app/autocomplete-engine/components/AutocompleteEngineContent.tsx(1128,7): error TS2339: Property 'div' does not exist on type 'JSX.IntrinsicElements'.
src/app/autocomplete-engine/components/AutocompleteEngineContent.tsx(1129,9): error TS2339: Property 'div' does not exist on type 'JSX.IntrinsicElements'.
src/app/autocomplete-engine/components/AutocompleteEngineContent.tsx(1130,11): error TS2339: Property 'div' does not exist on type 'JSX.IntrinsicElements'.
src/app/autocomplete-engine/components/AutocompleteEngineContent.tsx(1132,13): error TS2339: Property 'div' does not exist on type 'JSX.IntrinsicElements'.
src/app/autocomplete-engine/components/AutocompleteEngineContent.tsx(1133,15): error TS2339: Property 'div' does not exist on type 'JSX.IntrinsicElements'.
src/app/autocomplete-engine/components/AutocompleteEngineContent.tsx(1135,17): error TS2339: Property 'span' does not exist on type 'JSX.IntrinsicElements'.
src/app/autocomplete-engine/components/AutocompleteEngineContent.tsx(1135,89): error TS2339: Property 'span' does not exist on type 'JSX.IntrinsicElements'.
src/app/autocomplete-engine/components/AutocompleteEngineContent.tsx(1136,15): error TS2339: Property 'div' does not exist on type 'JSX.IntrinsicElements'.
src/app/autocomplete-engine/components/AutocompleteEngineContent.tsx(1137,15): error TS2339: Property 'h1' does not exist on type 'JSX.IntrinsicElements'.
src/app/autocomplete-engine/components/AutocompleteEngineContent.tsx(1139,15): error TS2339: Property 'h1' does not exist on type 'JSX.IntrinsicElements'.
src/app/autocomplete-engine/components/AutocompleteEngineContent.tsx(1140,15): error TS2339: Property 'p' does not exist on type 'JSX.IntrinsicElements'.
src/app/autocomplete-engine/components/AutocompleteEngineContent.tsx(1142,15): error TS2339: Property 'p' does not exist on type 'JSX.IntrinsicElements'.
src/app/autocomplete-engine/components/AutocompleteEngineContent.tsx(1143,15): error TS2339: Property 'div' does not exist on type 'JSX.IntrinsicElements'.
src/app/autocomplete-engine/components/AutocompleteEngineContent.tsx(1144,17): error TS2339: Property 'a' does not exist on type 'JSX.IntrinsicElements'.
src/app/autocomplete-engine/components/AutocompleteEngineContent.tsx(1151,19): error TS2339: Property 'span' does not exist on type 'JSX.IntrinsicElements'.
src/app/autocomplete-engine/components/AutocompleteEngineContent.tsx(1151,107): error TS2339: Property 'span' does not exist on type 'JSX.IntrinsicElements'.
src/app/autocomplete-engine/components/AutocompleteEngineContent.tsx(1153,17): error TS2339: Property 'a' does not exist on type 'JSX.IntrinsicElements'.
src/app/autocomplete-engine/components/AutocompleteEngineContent.tsx(1154,17): error TS2339: Property 'button' does not exist on type 'JSX.IntrinsicElements'.
src/app/autocomplete-engine/components/AutocompleteEngineContent.tsx(1159,19): error TS2339: Property 'span' does not exist on type 'JSX.IntrinsicElements'.
src/app/autocomplete-engine/components/AutocompleteEngineContent.tsx(1159,39): error TS2339: Property 'span' does not exist on type 'JSX.IntrinsicElements'.
src/app/autocomplete-engine/components/AutocompleteEngineContent.tsx(1160,17): error TS2339: Property 'button' does not exist on type 'JSX.IntrinsicElements'.
src/app/autocomplete-engine/components/AutocompleteEngineContent.tsx(1161,15): error TS2339: Property 'div' does not exist on type 'JSX.IntrinsicElements'.
src/app/autocomplete-engine/components/AutocompleteEngineContent.tsx(1162,13): error TS2339: Property 'div' does not exist on type 'JSX.IntrinsicElements'.
src/app/autocomplete-engine/components/AutocompleteEngineContent.tsx(1165,13): error TS2339: Property 'div' does not exist on type 'JSX.IntrinsicElements'.
src/app/autocomplete-engine/components/AutocompleteEngineContent.tsx(1194,13): error TS2339: Property 'div' does not exist on type 'JSX.IntrinsicElements'.
src/app/autocomplete-engine/components/AutocompleteEngineContent.tsx(1197,13): error TS2339: Property 'div' does not exist on type 'JSX.IntrinsicElements'.
src/app/autocomplete-engine/components/AutocompleteEngineContent.tsx(1199,15): error TS2339: Property 'div' does not exist on type 'JSX.IntrinsicElements'.
src/app/autocomplete-engine/components/AutocompleteEngineContent.tsx(1200,17): error TS2339: Property 'div' does not exist on type 'JSX.IntrinsicElements'.
src/app/autocomplete-engine/components/AutocompleteEngineContent.tsx(1201,19): error TS2339: Property 'div' does not exist on type 'JSX.IntrinsicElements'.
src/app/autocomplete-engine/components/AutocompleteEngineContent.tsx(1203,21): error TS2339: Property 'h2' does not exist on type 'JSX.IntrinsicElements'.
src/app/autocomplete-engine/components/AutocompleteEngineContent.tsx(1203,87): error TS2339: Property 'h2' does not exist on type 'JSX.IntrinsicElements'.
src/app/autocomplete-engine/components/AutocompleteEngineContent.tsx(1204,19): error TS2339: Property 'div' does not exist on type 'JSX.IntrinsicElements'.
src/app/autocomplete-engine/components/AutocompleteEngineContent.tsx(1205,19): error TS2339: Property 'input' does not exist on type 'JSX.IntrinsicElements'.
src/app/autocomplete-engine/components/AutocompleteEngineContent.tsx(1212,19): error TS2339: Property 'p' does not exist on type 'JSX.IntrinsicElements'.
src/app/autocomplete-engine/components/AutocompleteEngineContent.tsx(1213,38): error TS2339: Property 'span' does not exist on type 'JSX.IntrinsicElements'.
src/app/autocomplete-engine/components/AutocompleteEngineContent.tsx(1213,142): error TS2339: Property 'span' does not exist on type 'JSX.IntrinsicElements'.
src/app/autocomplete-engine/components/AutocompleteEngineContent.tsx(1214,19): error TS2339: Property 'p' does not exist on type 'JSX.IntrinsicElements'.
src/app/autocomplete-engine/components/AutocompleteEngineContent.tsx(1215,17): error TS2339: Property 'div' does not exist on type 'JSX.IntrinsicElements'.
src/app/autocomplete-engine/components/AutocompleteEngineContent.tsx(1217,17): error TS2339: Property 'div' does not exist on type 'JSX.IntrinsicElements'.
src/app/autocomplete-engine/components/AutocompleteEngineContent.tsx(1218,19): error TS2339: Property 'div' does not exist on type 'JSX.IntrinsicElements'.
src/app/autocomplete-engine/components/AutocompleteEngineContent.tsx(1219,21): error TS2339: Property 'h2' does not exist on type 'JSX.IntrinsicElements'.
src/app/autocomplete-engine/components/AutocompleteEngineContent.tsx(1219,92): error TS2339: Property 'h2' does not exist on type 'JSX.IntrinsicElements'.
src/app/autocomplete-engine/components/AutocompleteEngineContent.tsx(1220,21): error TS2339: Property 'span' does not exist on type 'JSX.IntrinsicElements'.
src/app/autocomplete-engine/components/AutocompleteEngineContent.tsx(1222,21): error TS2339: Property 'span' does not exist on type 'JSX.IntrinsicElements'.
src/app/autocomplete-engine/components/AutocompleteEngineContent.tsx(1223,19): error TS2339: Property 'div' does not exist on type 'JSX.IntrinsicElements'.
src/app/autocomplete-engine/components/AutocompleteEngineContent.tsx(1224,19): error TS2339: Property 'div' does not exist on type 'JSX.IntrinsicElements'.
src/app/autocomplete-engine/components/AutocompleteEngineContent.tsx(1228,27): error TS2322: Type '{ key: string; word: string; frequency: number; rank: number; isSelected: boolean; onSelect: () => void; }' is not assignable to type 'SuggestionCardProps'.
  Property 'key' does not exist on type 'SuggestionCardProps'.
src/app/autocomplete-engine/components/AutocompleteEngineContent.tsx(1237,23): error TS2339: Property 'div' does not exist on type 'JSX.IntrinsicElements'.
src/app/autocomplete-engine/components/AutocompleteEngineContent.tsx(1239,25): error TS2339: Property 'p' does not exist on type 'JSX.IntrinsicElements'.
src/app/autocomplete-engine/components/AutocompleteEngineContent.tsx(1239,93): error TS2339: Property 'p' does not exist on type 'JSX.IntrinsicElements'.
src/app/autocomplete-engine/components/AutocompleteEngineContent.tsx(1240,23): error TS2339: Property 'div' does not exist on type 'JSX.IntrinsicElements'.
src/app/autocomplete-engine/components/AutocompleteEngineContent.tsx(1242,19): error TS2339: Property 'div' does not exist on type 'JSX.IntrinsicElements'.
src/app/autocomplete-engine/components/AutocompleteEngineContent.tsx(1243,17): error TS2339: Property 'div' does not exist on type 'JSX.IntrinsicElements'.
src/app/autocomplete-engine/components/AutocompleteEngineContent.tsx(1244,15): error TS2339: Property 'div' does not exist on type 'JSX.IntrinsicElements'.
src/app/autocomplete-engine/components/AutocompleteEngineContent.tsx(1247,15): error TS2339: Property 'div' does not exist on type 'JSX.IntrinsicElements'.
src/app/autocomplete-engine/components/AutocompleteEngineContent.tsx(1248,17): error TS2339: Property 'div' does not exist on type 'JSX.IntrinsicElements'.
src/app/autocomplete-engine/components/AutocompleteEngineContent.tsx(1249,19): error TS2339: Property 'div' does not exist on type 'JSX.IntrinsicElements'.
src/app/autocomplete-engine/components/AutocompleteEngineContent.tsx(1251,21): error TS2339: Property 'h2' does not exist on type 'JSX.IntrinsicElements'.
src/app/autocomplete-engine/components/AutocompleteEngineContent.tsx(1251,99): error TS2339: Property 'h2' does not exist on type 'JSX.IntrinsicElements'.
src/app/autocomplete-engine/components/AutocompleteEngineContent.tsx(1252,19): error TS2339: Property 'div' does not exist on type 'JSX.IntrinsicElements'.
src/app/autocomplete-engine/components/AutocompleteEngineContent.tsx(1253,19): error TS2339: Property 'div' does not exist on type 'JSX.IntrinsicElements'.
src/app/autocomplete-engine/components/AutocompleteEngineContent.tsx(1255,23): error TS2339: Property 'div' does not exist on type 'JSX.IntrinsicElements'.
src/app/autocomplete-engine/components/AutocompleteEngineContent.tsx(1257,37): error TS2322: Type '{ char: string; isEndOfWord: boolean; frequency: number; depth: number; isActive: boolean; children: string[]; key: number; }' is not assignable to type 'TrieNodeProps'.
  Property 'key' does not exist on type 'TrieNodeProps'.
src/app/autocomplete-engine/components/AutocompleteEngineContent.tsx(1259,23): error TS2339: Property 'div' does not exist on type 'JSX.IntrinsicElements'.
src/app/autocomplete-engine/components/AutocompleteEngineContent.tsx(1261,23): error TS2339: Property 'div' does not exist on type 'JSX.IntrinsicElements'.
src/app/autocomplete-engine/components/AutocompleteEngineContent.tsx(1262,25): error TS2339: Property 'div' does not exist on type 'JSX.IntrinsicElements'.
src/app/autocomplete-engine/components/AutocompleteEngineContent.tsx(1264,27): error TS2339: Property 'p' does not exist on type 'JSX.IntrinsicElements'.
src/app/autocomplete-engine/components/AutocompleteEngineContent.tsx(1264,95): error TS2339: Property 'p' does not exist on type 'JSX.IntrinsicElements'.
src/app/autocomplete-engine/components/AutocompleteEngineContent.tsx(1265,25): error TS2339: Property 'div' does not exist on type 'JSX.IntrinsicElements'.
src/app/autocomplete-engine/components/AutocompleteEngineContent.tsx(1266,23): error TS2339: Property 'div' does not exist on type 'JSX.IntrinsicElements'.
src/app/autocomplete-engine/components/AutocompleteEngineContent.tsx(1268,19): error TS2339: Property 'div' does not exist on type 'JSX.IntrinsicElements'.
src/app/autocomplete-engine/components/AutocompleteEngineContent.tsx(1269,17): error TS2339: Property 'div' does not exist on type 'JSX.IntrinsicElements'.
src/app/autocomplete-engine/components/AutocompleteEngineContent.tsx(1270,15): error TS2339: Property 'div' does not exist on type 'JSX.IntrinsicElements'.
src/app/autocomplete-engine/components/AutocompleteEngineContent.tsx(1271,13): error TS2339: Property 'div' does not exist on type 'JSX.IntrinsicElements'.
src/app/autocomplete-engine/components/AutocompleteEngineContent.tsx(1272,11): error TS2339: Property 'div' does not exist on type 'JSX.IntrinsicElements'.
src/app/autocomplete-engine/components/AutocompleteEngineContent.tsx(1273,9): error TS2339: Property 'div' does not exist on type 'JSX.IntrinsicElements'.
src/app/autocomplete-engine/components/AutocompleteEngineContent.tsx(1274,7): error TS2339: Property 'div' does not exist on type 'JSX.IntrinsicElements'.
src/app/autocomplete-engine/page.tsx(5,5): error TS2339: Property 'div' does not exist on type 'JSX.IntrinsicElements'.
src/app/autocomplete-engine/page.tsx(6,7): error TS2339: Property 'div' does not exist on type 'JSX.IntrinsicElements'.
src/app/autocomplete-engine/page.tsx(7,9): error TS2339: Property 'div' does not exist on type 'JSX.IntrinsicElements'.
src/app/autocomplete-engine/page.tsx(8,11): error TS2339: Property 'h2' does not exist on type 'JSX.IntrinsicElements'.
src/app/autocomplete-engine/page.tsx(8,74): error TS2339: Property 'h2' does not exist on type 'JSX.IntrinsicElements'.
src/app/autocomplete-engine/page.tsx(9,11): error TS2339: Property 'p' does not exist on type 'JSX.IntrinsicElements'.
src/app/autocomplete-engine/page.tsx(11,11): error TS2339: Property 'p' does not exist on type 'JSX.IntrinsicElements'.
src/app/autocomplete-engine/page.tsx(12,9): error TS2339: Property 'div' does not exist on type 'JSX.IntrinsicElements'.
src/app/autocomplete-engine/page.tsx(14,7): error TS2339: Property 'div' does not exist on type 'JSX.IntrinsicElements'.
src/app/autocomplete-engine/page.tsx(15,5): error TS2339: Property 'div' does not exist on type 'JSX.IntrinsicElements'.
src/app/interactive-demo-hub/components/BackgroundAnimation.tsx(109,5): error TS2339: Property 'canvas' does not exist on type 'JSX.IntrinsicElements'.
src/app/interactive-demo-hub/components/MetricCard.tsx(16,5): error TS2339: Property 'div' does not exist on type 'JSX.IntrinsicElements'.
src/app/interactive-demo-hub/components/MetricCard.tsx(17,7): error TS2339: Property 'div' does not exist on type 'JSX.IntrinsicElements'.
src/app/interactive-demo-hub/components/MetricCard.tsx(18,9): error TS2339: Property 'span' does not exist on type 'JSX.IntrinsicElements'.
src/app/interactive-demo-hub/components/MetricCard.tsx(18,42): error TS2339: Property 'span' does not exist on type 'JSX.IntrinsicElements'.
src/app/interactive-demo-hub/components/MetricCard.tsx(19,7): error TS2339: Property 'div' does not exist on type 'JSX.IntrinsicElements'.
src/app/interactive-demo-hub/components/MetricCard.tsx(20,7): error TS2339: Property 'div' does not exist on type 'JSX.IntrinsicElements'.
src/app/interactive-demo-hub/components/MetricCard.tsx(21,9): error TS2339: Property 'span' does not exist on type 'JSX.IntrinsicElements'.
src/app/interactive-demo-hub/components/MetricCard.tsx(21,99): error TS2339: Property 'span' does not exist on type 'JSX.IntrinsicElements'.
src/app/interactive-demo-hub/components/MetricCard.tsx(22,7): error TS2339: Property 'div' does not exist on type 'JSX.IntrinsicElements'.
src/app/interactive-demo-hub/components/MetricCard.tsx(23,7): error TS2339: Property 'div' does not exist on type 'JSX.IntrinsicElements'.
src/app/interactive-demo-hub/components/MetricCard.tsx(24,9): error TS2339: Property 'span' does not exist on type 'JSX.IntrinsicElements'.
src/app/interactive-demo-hub/components/MetricCard.tsx(24,79): error TS2339: Property 'span' does not exist on type 'JSX.IntrinsicElements'.
src/app/interactive-demo-hub/components/MetricCard.tsx(26,11): error TS2339: Property 'span' does not exist on type 'JSX.IntrinsicElements'.
src/app/interactive-demo-hub/components/MetricCard.tsx(33,11): error TS2339: Property 'span' does not exist on type 'JSX.IntrinsicElements'.
src/app/interactive-demo-hub/components/MetricCard.tsx(35,7): error TS2339: Property 'div' does not exist on type 'JSX.IntrinsicElements'.
src/app/interactive-demo-hub/components/MetricCard.tsx(36,5): error TS2339: Property 'div' does not exist on type 'JSX.IntrinsicElements'.
src/app/interactive-demo-hub/components/SuggestionCard.tsx(23,5): error TS2339: Property 'div' does not exist on type 'JSX.IntrinsicElements'.
src/app/interactive-demo-hub/components/SuggestionCard.tsx(32,7): error TS2339: Property 'div' does not exist on type 'JSX.IntrinsicElements'.
src/app/interactive-demo-hub/components/SuggestionCard.tsx(33,9): error TS2339: Property 'div' does not exist on type 'JSX.IntrinsicElements'.
src/app/interactive-demo-hub/components/SuggestionCard.tsx(35,9): error TS2339: Property 'div' does not exist on type 'JSX.IntrinsicElements'.
src/app/interactive-demo-hub/components/SuggestionCard.tsx(36,9): error TS2339: Property 'span' does not exist on type 'JSX.IntrinsicElements'.
src/app/interactive-demo-hub/components/SuggestionCard.tsx(36,81): error TS2339: Property 'span' does not exist on type 'JSX.IntrinsicElements'.
src/app/interactive-demo-hub/components/SuggestionCard.tsx(37,7): error TS2339: Property 'div' does not exist on type 'JSX.IntrinsicElements'.
src/app/interactive-demo-hub/components/SuggestionCard.tsx(38,7): error TS2339: Property 'div' does not exist on type 'JSX.IntrinsicElements'.
src/app/interactive-demo-hub/components/SuggestionCard.tsx(39,9): error TS2339: Property 'span' does not exist on type 'JSX.IntrinsicElements'.
src/app/interactive-demo-hub/components/SuggestionCard.tsx(39,100): error TS2339: Property 'span' does not exist on type 'JSX.IntrinsicElements'.
src/app/interactive-demo-hub/components/SuggestionCard.tsx(45,7): error TS2339: Property 'div' does not exist on type 'JSX.IntrinsicElements'.
src/app/interactive-demo-hub/components/SuggestionCard.tsx(46,5): error TS2339: Property 'div' does not exist on type 'JSX.IntrinsicElements'.
src/app/interactive-demo-hub/components/TrieNode.tsx(26,7): error TS2322: Type '{ initial: { scale: number; opacity: number; }; animate: { scale: number; opacity: number; }; className: string; }' is not assignable to type 'AttributesWithoutMotionProps<unknown> & MotionProps & RefAttributes<HTMLDivElement>'.
  Property 'className' does not exist on type 'AttributesWithoutMotionProps<unknown> & MotionProps & RefAttributes<HTMLDivElement>'.
src/app/interactive-demo-hub/components/TrieNode.tsx(34,7): error TS2339: Property 'span' does not exist on type 'JSX.IntrinsicElements'.
src/app/interactive-demo-hub/components/TrieNode.tsx(34,85): error TS2339: Property 'span' does not exist on type 'JSX.IntrinsicElements'.
src/app/interactive-demo-hub/components/TrieNode.tsx(36,9): error TS2339: Property 'span' does not exist on type 'JSX.IntrinsicElements'.
src/app/interactive-demo-hub/components/TrieNode.tsx(38,9): error TS2339: Property 'span' does not exist on type 'JSX.IntrinsicElements'.
src/app/interactive-demo-hub/components/TutorialOverlay.tsx(20,11): error TS2322: Type '{ initial: { opacity: number; }; animate: { opacity: number; }; exit: { opacity: number; }; className: string; }' is not assignable to type 'AttributesWithoutMotionProps<unknown> & MotionProps & RefAttributes<HTMLDivElement>'.
  Property 'className' does not exist on type 'AttributesWithoutMotionProps<unknown> & MotionProps & RefAttributes<HTMLDivElement>'.
src/app/interactive-demo-hub/components/TutorialOverlay.tsx(26,13): error TS2322: Type '{ initial: { scale: number; opacity: number; }; animate: { scale: number; opacity: number; }; exit: { scale: number; opacity: number; }; className: string; }' is not assignable to type 'AttributesWithoutMotionProps<unknown> & MotionProps & RefAttributes<HTMLDivElement>'.
  Property 'className' does not exist on type 'AttributesWithoutMotionProps<unknown> & MotionProps & RefAttributes<HTMLDivElement>'.
src/app/interactive-demo-hub/components/TutorialOverlay.tsx(28,13): error TS2339: Property 'button' does not exist on type 'JSX.IntrinsicElements'.
src/app/interactive-demo-hub/components/TutorialOverlay.tsx(33,13): error TS2339: Property 'button' does not exist on type 'JSX.IntrinsicElements'.
src/app/interactive-demo-hub/components/TutorialOverlay.tsx(35,13): error TS2339: Property 'div' does not exist on type 'JSX.IntrinsicElements'.
src/app/interactive-demo-hub/components/TutorialOverlay.tsx(36,15): error TS2339: Property 'div' does not exist on type 'JSX.IntrinsicElements'.
src/app/interactive-demo-hub/components/TutorialOverlay.tsx(38,15): error TS2339: Property 'div' does not exist on type 'JSX.IntrinsicElements'.
src/app/interactive-demo-hub/components/TutorialOverlay.tsx(39,15): error TS2339: Property 'h2' does not exist on type 'JSX.IntrinsicElements'.
src/app/interactive-demo-hub/components/TutorialOverlay.tsx(39,90): error TS2339: Property 'h2' does not exist on type 'JSX.IntrinsicElements'.
src/app/interactive-demo-hub/components/TutorialOverlay.tsx(40,13): error TS2339: Property 'div' does not exist on type 'JSX.IntrinsicElements'.
src/app/interactive-demo-hub/components/TutorialOverlay.tsx(42,13): error TS2339: Property 'div' does not exist on type 'JSX.IntrinsicElements'.
src/app/interactive-demo-hub/components/TutorialOverlay.tsx(43,15): error TS2339: Property 'div' does not exist on type 'JSX.IntrinsicElements'.
src/app/interactive-demo-hub/components/TutorialOverlay.tsx(44,17): error TS2339: Property 'div' does not exist on type 'JSX.IntrinsicElements'.
src/app/interactive-demo-hub/components/TutorialOverlay.tsx(44,150): error TS2339: Property 'div' does not exist on type 'JSX.IntrinsicElements'.
src/app/interactive-demo-hub/components/TutorialOverlay.tsx(45,17): error TS2339: Property 'div' does not exist on type 'JSX.IntrinsicElements'.
src/app/interactive-demo-hub/components/TutorialOverlay.tsx(46,19): error TS2339: Property 'h3' does not exist on type 'JSX.IntrinsicElements'.
src/app/interactive-demo-hub/components/TutorialOverlay.tsx(46,87): error TS2339: Property 'h3' does not exist on type 'JSX.IntrinsicElements'.
src/app/interactive-demo-hub/components/TutorialOverlay.tsx(47,19): error TS2339: Property 'p' does not exist on type 'JSX.IntrinsicElements'.
src/app/interactive-demo-hub/components/TutorialOverlay.tsx(47,157): error TS2339: Property 'p' does not exist on type 'JSX.IntrinsicElements'.
src/app/interactive-demo-hub/components/TutorialOverlay.tsx(48,17): error TS2339: Property 'div' does not exist on type 'JSX.IntrinsicElements'.
src/app/interactive-demo-hub/components/TutorialOverlay.tsx(49,15): error TS2339: Property 'div' does not exist on type 'JSX.IntrinsicElements'.
src/app/interactive-demo-hub/components/TutorialOverlay.tsx(51,15): error TS2339: Property 'div' does not exist on type 'JSX.IntrinsicElements'.
src/app/interactive-demo-hub/components/TutorialOverlay.tsx(52,17): error TS2339: Property 'div' does not exist on type 'JSX.IntrinsicElements'.
src/app/interactive-demo-hub/components/TutorialOverlay.tsx(52,150): error TS2339: Property 'div' does not exist on type 'JSX.IntrinsicElements'.
src/app/interactive-demo-hub/components/TutorialOverlay.tsx(53,17): error TS2339: Property 'div' does not exist on type 'JSX.IntrinsicElements'.
src/app/interactive-demo-hub/components/TutorialOverlay.tsx(54,19): error TS2339: Property 'h3' does not exist on type 'JSX.IntrinsicElements'.
src/app/interactive-demo-hub/components/TutorialOverlay.tsx(54,83): error TS2339: Property 'h3' does not exist on type 'JSX.IntrinsicElements'.
src/app/interactive-demo-hub/components/TutorialOverlay.tsx(55,19): error TS2339: Property 'p' does not exist on type 'JSX.IntrinsicElements'.
src/app/interactive-demo-hub/components/TutorialOverlay.tsx(55,167): error TS2339: Property 'p' does not exist on type 'JSX.IntrinsicElements'.
src/app/interactive-demo-hub/components/TutorialOverlay.tsx(56,17): error TS2339: Property 'div' does not exist on type 'JSX.IntrinsicElements'.
src/app/interactive-demo-hub/components/TutorialOverlay.tsx(57,15): error TS2339: Property 'div' does not exist on type 'JSX.IntrinsicElements'.
src/app/interactive-demo-hub/components/TutorialOverlay.tsx(59,15): error TS2339: Property 'div' does not exist on type 'JSX.IntrinsicElements'.
src/app/interactive-demo-hub/components/TutorialOverlay.tsx(60,17): error TS2339: Property 'div' does not exist on type 'JSX.IntrinsicElements'.
src/app/interactive-demo-hub/components/TutorialOverlay.tsx(60,150): error TS2339: Property 'div' does not exist on type 'JSX.IntrinsicElements'.
src/app/interactive-demo-hub/components/TutorialOverlay.tsx(61,17): error TS2339: Property 'div' does not exist on type 'JSX.IntrinsicElements'.
src/app/interactive-demo-hub/components/TutorialOverlay.tsx(62,19): error TS2339: Property 'h3' does not exist on type 'JSX.IntrinsicElements'.
src/app/interactive-demo-hub/components/TutorialOverlay.tsx(62,90): error TS2339: Property 'h3' does not exist on type 'JSX.IntrinsicElements'.
src/app/interactive-demo-hub/components/TutorialOverlay.tsx(63,19): error TS2339: Property 'p' does not exist on type 'JSX.IntrinsicElements'.
src/app/interactive-demo-hub/components/TutorialOverlay.tsx(63,154): error TS2339: Property 'p' does not exist on type 'JSX.IntrinsicElements'.
src/app/interactive-demo-hub/components/TutorialOverlay.tsx(64,17): error TS2339: Property 'div' does not exist on type 'JSX.IntrinsicElements'.
src/app/interactive-demo-hub/components/TutorialOverlay.tsx(65,15): error TS2339: Property 'div' does not exist on type 'JSX.IntrinsicElements'.
src/app/interactive-demo-hub/components/TutorialOverlay.tsx(66,13): error TS2339: Property 'div' does not exist on type 'JSX.IntrinsicElements'.
src/app/interactive-demo-hub/components/TutorialOverlay.tsx(68,13): error TS2339: Property 'button' does not exist on type 'JSX.IntrinsicElements'.
src/app/interactive-demo-hub/components/TutorialOverlay.tsx(73,13): error TS2339: Property 'button' does not exist on type 'JSX.IntrinsicElements'.
src/app/layout.tsx(34,5): error TS2339: Property 'html' does not exist on type 'JSX.IntrinsicElements'.
src/app/layout.tsx(35,7): error TS2339: Property 'body' does not exist on type 'JSX.IntrinsicElements'.
src/app/layout.tsx(37,9): error TS2339: Property 'div' does not exist on type 'JSX.IntrinsicElements'.
src/app/layout.tsx(39,11): error TS2339: Property 'main' does not exist on type 'JSX.IntrinsicElements'.
src/app/layout.tsx(41,11): error TS2339: Property 'main' does not exist on type 'JSX.IntrinsicElements'.
src/app/layout.tsx(42,9): error TS2339: Property 'div' does not exist on type 'JSX.IntrinsicElements'.
src/app/layout.tsx(43,7): error TS2339: Property 'body' does not exist on type 'JSX.IntrinsicElements'.
src/app/layout.tsx(44,5): error TS2339: Property 'html' does not exist on type 'JSX.IntrinsicElements'.
src/app/page.tsx(5,9): error TS2339: Property 'div' does not exist on type 'JSX.IntrinsicElements'.
src/app/page.tsx(7,9): error TS2339: Property 'div' does not exist on type 'JSX.IntrinsicElements'.
src/app/performance-laboratory/page.tsx(33,5): error TS2339: Property 'div' does not exist on type 'JSX.IntrinsicElements'.
src/app/performance-laboratory/page.tsx(34,7): error TS2339: Property 'div' does not exist on type 'JSX.IntrinsicElements'.
src/app/performance-laboratory/page.tsx(35,9): error TS2339: Property 'h2' does not exist on type 'JSX.IntrinsicElements'.
src/app/performance-laboratory/page.tsx(35,75): error TS2339: Property 'h2' does not exist on type 'JSX.IntrinsicElements'.
src/app/performance-laboratory/page.tsx(36,9): error TS2339: Property 'p' does not exist on type 'JSX.IntrinsicElements'.
src/app/performance-laboratory/page.tsx(38,9): error TS2339: Property 'p' does not exist on type 'JSX.IntrinsicElements'.
src/app/performance-laboratory/page.tsx(39,7): error TS2339: Property 'div' does not exist on type 'JSX.IntrinsicElements'.
src/app/performance-laboratory/page.tsx(41,7): error TS2339: Property 'div' does not exist on type 'JSX.IntrinsicElements'.
src/app/performance-laboratory/page.tsx(48,13): error TS2322: Type '{ key: string; initial: { opacity: number; y: number; }; animate: { opacity: number; y: number; }; transition: { delay: number; }; className: string; }' is not assignable to type 'AttributesWithoutMotionProps<unknown> & MotionProps & RefAttributes<HTMLDivElement>'.
  Property 'className' does not exist on type 'AttributesWithoutMotionProps<unknown> & MotionProps & RefAttributes<HTMLDivElement>'.
src/app/performance-laboratory/page.tsx(50,13): error TS2339: Property 'div' does not exist on type 'JSX.IntrinsicElements'.
src/app/performance-laboratory/page.tsx(51,15): error TS2339: Property 'div' does not exist on type 'JSX.IntrinsicElements'.
src/app/performance-laboratory/page.tsx(53,15): error TS2339: Property 'div' does not exist on type 'JSX.IntrinsicElements'.
src/app/performance-laboratory/page.tsx(54,15): error TS2339: Property 'span' does not exist on type 'JSX.IntrinsicElements'.
src/app/performance-laboratory/page.tsx(56,15): error TS2339: Property 'span' does not exist on type 'JSX.IntrinsicElements'.
src/app/performance-laboratory/page.tsx(57,13): error TS2339: Property 'div' does not exist on type 'JSX.IntrinsicElements'.
src/app/performance-laboratory/page.tsx(58,13): error TS2339: Property 'div' does not exist on type 'JSX.IntrinsicElements'.
src/app/performance-laboratory/page.tsx(59,15): error TS2339: Property 'p' does not exist on type 'JSX.IntrinsicElements'.
src/app/performance-laboratory/page.tsx(59,94): error TS2339: Property 'p' does not exist on type 'JSX.IntrinsicElements'.
src/app/performance-laboratory/page.tsx(60,15): error TS2339: Property 'h3' does not exist on type 'JSX.IntrinsicElements'.
src/app/performance-laboratory/page.tsx(60,64): error TS2339: Property 'h3' does not exist on type 'JSX.IntrinsicElements'.
src/app/performance-laboratory/page.tsx(61,13): error TS2339: Property 'div' does not exist on type 'JSX.IntrinsicElements'.
src/app/performance-laboratory/page.tsx(64,7): error TS2339: Property 'div' does not exist on type 'JSX.IntrinsicElements'.
src/app/performance-laboratory/page.tsx(66,7): error TS2339: Property 'div' does not exist on type 'JSX.IntrinsicElements'.
src/app/performance-laboratory/page.tsx(67,9): error TS2339: Property 'div' does not exist on type 'JSX.IntrinsicElements'.
src/app/performance-laboratory/page.tsx(68,11): error TS2339: Property 'div' does not exist on type 'JSX.IntrinsicElements'.
src/app/performance-laboratory/page.tsx(69,13): error TS2339: Property 'div' does not exist on type 'JSX.IntrinsicElements'.
src/app/performance-laboratory/page.tsx(70,15): error TS2339: Property 'h3' does not exist on type 'JSX.IntrinsicElements'.
src/app/performance-laboratory/page.tsx(70,114): error TS2339: Property 'h3' does not exist on type 'JSX.IntrinsicElements'.
src/app/performance-laboratory/page.tsx(72,13): error TS2339: Property 'div' does not exist on type 'JSX.IntrinsicElements'.
src/app/performance-laboratory/page.tsx(73,13): error TS2339: Property 'div' does not exist on type 'JSX.IntrinsicElements'.
src/app/performance-laboratory/page.tsx(74,15): error TS2339: Property 'table' does not exist on type 'JSX.IntrinsicElements'.
src/app/performance-laboratory/page.tsx(75,17): error TS2339: Property 'thead' does not exist on type 'JSX.IntrinsicElements'.
src/app/performance-laboratory/page.tsx(76,19): error TS2339: Property 'tr' does not exist on type 'JSX.IntrinsicElements'.
src/app/performance-laboratory/page.tsx(77,21): error TS2339: Property 'th' does not exist on type 'JSX.IntrinsicElements'.
src/app/performance-laboratory/page.tsx(77,56): error TS2339: Property 'th' does not exist on type 'JSX.IntrinsicElements'.
src/app/performance-laboratory/page.tsx(78,21): error TS2339: Property 'th' does not exist on type 'JSX.IntrinsicElements'.
src/app/performance-laboratory/page.tsx(78,56): error TS2339: Property 'th' does not exist on type 'JSX.IntrinsicElements'.
src/app/performance-laboratory/page.tsx(79,21): error TS2339: Property 'th' does not exist on type 'JSX.IntrinsicElements'.
src/app/performance-laboratory/page.tsx(79,59): error TS2339: Property 'th' does not exist on type 'JSX.IntrinsicElements'.
src/app/performance-laboratory/page.tsx(80,21): error TS2339: Property 'th' does not exist on type 'JSX.IntrinsicElements'.
src/app/performance-laboratory/page.tsx(80,57): error TS2339: Property 'th' does not exist on type 'JSX.IntrinsicElements'.
src/app/performance-laboratory/page.tsx(81,19): error TS2339: Property 'tr' does not exist on type 'JSX.IntrinsicElements'.
src/app/performance-laboratory/page.tsx(82,17): error TS2339: Property 'thead' does not exist on type 'JSX.IntrinsicElements'.
src/app/performance-laboratory/page.tsx(83,17): error TS2339: Property 'tbody' does not exist on type 'JSX.IntrinsicElements'.
src/app/performance-laboratory/page.tsx(85,21): error TS2339: Property 'tr' does not exist on type 'JSX.IntrinsicElements'.
src/app/performance-laboratory/page.tsx(86,23): error TS2339: Property 'td' does not exist on type 'JSX.IntrinsicElements'.
src/app/performance-laboratory/page.tsx(87,25): error TS2339: Property 'div' does not exist on type 'JSX.IntrinsicElements'.
src/app/performance-laboratory/page.tsx(88,27): error TS2339: Property 'span' does not exist on type 'JSX.IntrinsicElements'.
src/app/performance-laboratory/page.tsx(88,86): error TS2339: Property 'span' does not exist on type 'JSX.IntrinsicElements'.
src/app/performance-laboratory/page.tsx(89,27): error TS2339: Property 'span' does not exist on type 'JSX.IntrinsicElements'.
src/app/performance-laboratory/page.tsx(89,96): error TS2339: Property 'span' does not exist on type 'JSX.IntrinsicElements'.
src/app/performance-laboratory/page.tsx(90,25): error TS2339: Property 'div' does not exist on type 'JSX.IntrinsicElements'.
src/app/performance-laboratory/page.tsx(91,23): error TS2339: Property 'td' does not exist on type 'JSX.IntrinsicElements'.
src/app/performance-laboratory/page.tsx(92,23): error TS2339: Property 'td' does not exist on type 'JSX.IntrinsicElements'.
src/app/performance-laboratory/page.tsx(92,82): error TS2339: Property 'td' does not exist on type 'JSX.IntrinsicElements'.
src/app/performance-laboratory/page.tsx(93,23): error TS2339: Property 'td' does not exist on type 'JSX.IntrinsicElements'.
src/app/performance-laboratory/page.tsx(93,87): error TS2339: Property 'td' does not exist on type 'JSX.IntrinsicElements'.
src/app/performance-laboratory/page.tsx(94,23): error TS2339: Property 'td' does not exist on type 'JSX.IntrinsicElements'.
src/app/performance-laboratory/page.tsx(94,82): error TS2339: Property 'td' does not exist on type 'JSX.IntrinsicElements'.
src/app/performance-laboratory/page.tsx(95,21): error TS2339: Property 'tr' does not exist on type 'JSX.IntrinsicElements'.
src/app/performance-laboratory/page.tsx(97,17): error TS2339: Property 'tbody' does not exist on type 'JSX.IntrinsicElements'.
src/app/performance-laboratory/page.tsx(98,15): error TS2339: Property 'table' does not exist on type 'JSX.IntrinsicElements'.
src/app/performance-laboratory/page.tsx(99,13): error TS2339: Property 'div' does not exist on type 'JSX.IntrinsicElements'.
src/app/performance-laboratory/page.tsx(100,11): error TS2339: Property 'div' does not exist on type 'JSX.IntrinsicElements'.
src/app/performance-laboratory/page.tsx(101,9): error TS2339: Property 'div' does not exist on type 'JSX.IntrinsicElements'.
src/app/performance-laboratory/page.tsx(103,9): error TS2339: Property 'div' does not exist on type 'JSX.IntrinsicElements'.
src/app/performance-laboratory/page.tsx(104,11): error TS2339: Property 'div' does not exist on type 'JSX.IntrinsicElements'.
src/app/performance-laboratory/page.tsx(105,13): error TS2339: Property 'div' does not exist on type 'JSX.IntrinsicElements'.
src/app/performance-laboratory/page.tsx(106,15): error TS2339: Property 'h3' does not exist on type 'JSX.IntrinsicElements'.
src/app/performance-laboratory/page.tsx(106,98): error TS2339: Property 'h3' does not exist on type 'JSX.IntrinsicElements'.
src/app/performance-laboratory/page.tsx(108,13): error TS2339: Property 'div' does not exist on type 'JSX.IntrinsicElements'.
src/app/performance-laboratory/page.tsx(110,13): error TS2339: Property 'div' does not exist on type 'JSX.IntrinsicElements'.
src/app/performance-laboratory/page.tsx(114,13): error TS2339: Property 'div' does not exist on type 'JSX.IntrinsicElements'.
src/app/performance-laboratory/page.tsx(116,13): error TS2339: Property 'div' does not exist on type 'JSX.IntrinsicElements'.
src/app/performance-laboratory/page.tsx(117,15): error TS2339: Property 'div' does not exist on type 'JSX.IntrinsicElements'.
src/app/performance-laboratory/page.tsx(118,17): error TS2339: Property 'span' does not exist on type 'JSX.IntrinsicElements'.
src/app/performance-laboratory/page.tsx(118,34): error TS2339: Property 'span' does not exist on type 'JSX.IntrinsicElements'.
src/app/performance-laboratory/page.tsx(119,17): error TS2339: Property 'span' does not exist on type 'JSX.IntrinsicElements'.
src/app/performance-laboratory/page.tsx(119,54): error TS2339: Property 'span' does not exist on type 'JSX.IntrinsicElements'.
src/app/performance-laboratory/page.tsx(120,15): error TS2339: Property 'div' does not exist on type 'JSX.IntrinsicElements'.
src/app/performance-laboratory/page.tsx(121,15): error TS2339: Property 'div' does not exist on type 'JSX.IntrinsicElements'.
src/app/performance-laboratory/page.tsx(122,17): error TS2339: Property 'span' does not exist on type 'JSX.IntrinsicElements'.
src/app/performance-laboratory/page.tsx(122,34): error TS2339: Property 'span' does not exist on type 'JSX.IntrinsicElements'.
src/app/performance-laboratory/page.tsx(123,17): error TS2339: Property 'span' does not exist on type 'JSX.IntrinsicElements'.
src/app/performance-laboratory/page.tsx(123,61): error TS2339: Property 'span' does not exist on type 'JSX.IntrinsicElements'.
src/app/performance-laboratory/page.tsx(124,15): error TS2339: Property 'div' does not exist on type 'JSX.IntrinsicElements'.
src/app/performance-laboratory/page.tsx(125,13): error TS2339: Property 'div' does not exist on type 'JSX.IntrinsicElements'.
src/app/performance-laboratory/page.tsx(126,11): error TS2339: Property 'div' does not exist on type 'JSX.IntrinsicElements'.
src/app/performance-laboratory/page.tsx(127,9): error TS2339: Property 'div' does not exist on type 'JSX.IntrinsicElements'.
src/app/performance-laboratory/page.tsx(128,7): error TS2339: Property 'div' does not exist on type 'JSX.IntrinsicElements'.
src/app/performance-laboratory/page.tsx(129,5): error TS2339: Property 'div' does not exist on type 'JSX.IntrinsicElements'.
src/app/performance-laboratory/page.tsx(135,5): error TS2339: Property 'button' does not exist on type 'JSX.IntrinsicElements'.
src/app/performance-laboratory/page.tsx(137,7): error TS2339: Property 'span' does not exist on type 'JSX.IntrinsicElements'.
src/app/performance-laboratory/page.tsx(137,80): error TS2339: Property 'span' does not exist on type 'JSX.IntrinsicElements'.
src/app/performance-laboratory/page.tsx(138,5): error TS2339: Property 'button' does not exist on type 'JSX.IntrinsicElements'.
src/app/spell-checker-engine/page.tsx(24,5): error TS2339: Property 'div' does not exist on type 'JSX.IntrinsicElements'.
src/app/spell-checker-engine/page.tsx(25,7): error TS2339: Property 'div' does not exist on type 'JSX.IntrinsicElements'.
src/app/spell-checker-engine/page.tsx(26,9): error TS2339: Property 'div' does not exist on type 'JSX.IntrinsicElements'.
src/app/spell-checker-engine/page.tsx(27,11): error TS2339: Property 'h2' does not exist on type 'JSX.IntrinsicElements'.
src/app/spell-checker-engine/page.tsx(27,78): error TS2339: Property 'h2' does not exist on type 'JSX.IntrinsicElements'.
src/app/spell-checker-engine/page.tsx(28,11): error TS2339: Property 'p' does not exist on type 'JSX.IntrinsicElements'.
src/app/spell-checker-engine/page.tsx(30,11): error TS2339: Property 'p' does not exist on type 'JSX.IntrinsicElements'.
src/app/spell-checker-engine/page.tsx(31,9): error TS2339: Property 'div' does not exist on type 'JSX.IntrinsicElements'.
src/app/spell-checker-engine/page.tsx(33,9): error TS2339: Property 'div' does not exist on type 'JSX.IntrinsicElements'.
src/app/spell-checker-engine/page.tsx(34,11): error TS2339: Property 'div' does not exist on type 'JSX.IntrinsicElements'.
src/app/spell-checker-engine/page.tsx(35,13): error TS2339: Property 'label' does not exist on type 'JSX.IntrinsicElements'.
src/app/spell-checker-engine/page.tsx(35,124): error TS2339: Property 'label' does not exist on type 'JSX.IntrinsicElements'.
src/app/spell-checker-engine/page.tsx(36,13): error TS2339: Property 'div' does not exist on type 'JSX.IntrinsicElements'.
src/app/spell-checker-engine/page.tsx(37,15): error TS2339: Property 'input' does not exist on type 'JSX.IntrinsicElements'.
src/app/spell-checker-engine/page.tsx(40,28): error TS7006: Parameter 'e' implicitly has an 'any' type.
src/app/spell-checker-engine/page.tsx(45,13): error TS2339: Property 'div' does not exist on type 'JSX.IntrinsicElements'.
src/app/spell-checker-engine/page.tsx(46,11): error TS2339: Property 'div' does not exist on type 'JSX.IntrinsicElements'.
src/app/spell-checker-engine/page.tsx(54,17): error TS2322: Type '{ initial: { opacity: number; y: number; }; animate: { opacity: number; y: number; }; exit: { opacity: number; y: number; }; className: string; }' is not assignable to type 'AttributesWithoutMotionProps<unknown> & MotionProps & RefAttributes<HTMLDivElement>'.
  Property 'className' does not exist on type 'AttributesWithoutMotionProps<unknown> & MotionProps & RefAttributes<HTMLDivElement>'.
src/app/spell-checker-engine/page.tsx(56,17): error TS2339: Property 'div' does not exist on type 'JSX.IntrinsicElements'.
src/app/spell-checker-engine/page.tsx(58,19): error TS2339: Property 'span' does not exist on type 'JSX.IntrinsicElements'.
src/app/spell-checker-engine/page.tsx(58,60): error TS2339: Property 'span' does not exist on type 'JSX.IntrinsicElements'.
src/app/spell-checker-engine/page.tsx(59,17): error TS2339: Property 'div' does not exist on type 'JSX.IntrinsicElements'.
src/app/spell-checker-engine/page.tsx(60,17): error TS2339: Property 'div' does not exist on type 'JSX.IntrinsicElements'.
src/app/spell-checker-engine/page.tsx(62,21): error TS2339: Property 'button' does not exist on type 'JSX.IntrinsicElements'.
src/app/spell-checker-engine/page.tsx(67,23): error TS2339: Property 'span' does not exist on type 'JSX.IntrinsicElements'.
src/app/spell-checker-engine/page.tsx(67,107): error TS2339: Property 'span' does not exist on type 'JSX.IntrinsicElements'.
src/app/spell-checker-engine/page.tsx(69,21): error TS2339: Property 'button' does not exist on type 'JSX.IntrinsicElements'.
src/app/spell-checker-engine/page.tsx(71,17): error TS2339: Property 'div' does not exist on type 'JSX.IntrinsicElements'.
src/app/spell-checker-engine/page.tsx(77,17): error TS2322: Type '{ initial: { opacity: number; }; animate: { opacity: number; }; className: string; }' is not assignable to type 'AttributesWithoutMotionProps<unknown> & MotionProps & RefAttributes<HTMLDivElement>'.
  Property 'className' does not exist on type 'AttributesWithoutMotionProps<unknown> & MotionProps & RefAttributes<HTMLDivElement>'.
src/app/spell-checker-engine/page.tsx(80,17): error TS2339: Property 'span' does not exist on type 'JSX.IntrinsicElements'.
src/app/spell-checker-engine/page.tsx(80,105): error TS2339: Property 'span' does not exist on type 'JSX.IntrinsicElements'.
src/app/spell-checker-engine/page.tsx(85,11): error TS2339: Property 'div' does not exist on type 'JSX.IntrinsicElements'.
src/app/spell-checker-engine/page.tsx(86,13): error TS2339: Property 'div' does not exist on type 'JSX.IntrinsicElements'.
src/app/spell-checker-engine/page.tsx(87,15): error TS2339: Property 'h4' does not exist on type 'JSX.IntrinsicElements'.
src/app/spell-checker-engine/page.tsx(87,103): error TS2339: Property 'h4' does not exist on type 'JSX.IntrinsicElements'.
src/app/spell-checker-engine/page.tsx(88,15): error TS2339: Property 'p' does not exist on type 'JSX.IntrinsicElements'.
src/app/spell-checker-engine/page.tsx(89,43): error TS2339: Property 'strong' does not exist on type 'JSX.IntrinsicElements'.
src/app/spell-checker-engine/page.tsx(89,64): error TS2339: Property 'strong' does not exist on type 'JSX.IntrinsicElements'.
src/app/spell-checker-engine/page.tsx(91,15): error TS2339: Property 'p' does not exist on type 'JSX.IntrinsicElements'.
src/app/spell-checker-engine/page.tsx(92,13): error TS2339: Property 'div' does not exist on type 'JSX.IntrinsicElements'.
src/app/spell-checker-engine/page.tsx(93,13): error TS2339: Property 'div' does not exist on type 'JSX.IntrinsicElements'.
src/app/spell-checker-engine/page.tsx(94,15): error TS2339: Property 'h4' does not exist on type 'JSX.IntrinsicElements'.
src/app/spell-checker-engine/page.tsx(94,108): error TS2339: Property 'h4' does not exist on type 'JSX.IntrinsicElements'.
src/app/spell-checker-engine/page.tsx(95,15): error TS2339: Property 'p' does not exist on type 'JSX.IntrinsicElements'.
src/app/spell-checker-engine/page.tsx(97,15): error TS2339: Property 'p' does not exist on type 'JSX.IntrinsicElements'.
src/app/spell-checker-engine/page.tsx(98,13): error TS2339: Property 'div' does not exist on type 'JSX.IntrinsicElements'.
src/app/spell-checker-engine/page.tsx(99,11): error TS2339: Property 'div' does not exist on type 'JSX.IntrinsicElements'.
src/app/spell-checker-engine/page.tsx(100,9): error TS2339: Property 'div' does not exist on type 'JSX.IntrinsicElements'.
src/app/spell-checker-engine/page.tsx(101,7): error TS2339: Property 'div' does not exist on type 'JSX.IntrinsicElements'.
src/app/spell-checker-engine/page.tsx(102,5): error TS2339: Property 'div' does not exist on type 'JSX.IntrinsicElements'.
src/app/spell-checker-engine/page.tsx(112,5): error TS2339: Property 'div' does not exist on type 'JSX.IntrinsicElements'.
src/app/spell-checker-engine/page.tsx(113,7): error TS2339: Property 'div' does not exist on type 'JSX.IntrinsicElements'.
src/app/spell-checker-engine/page.tsx(114,7): error TS2339: Property 'span' does not exist on type 'JSX.IntrinsicElements'.
src/app/spell-checker-engine/page.tsx(114,102): error TS2339: Property 'span' does not exist on type 'JSX.IntrinsicElements'.
src/app/spell-checker-engine/page.tsx(116,5): error TS2339: Property 'div' does not exist on type 'JSX.IntrinsicElements'.
src/app/verification/page.tsx(129,9): error TS2339: Property 'div' does not exist on type 'JSX.IntrinsicElements'.
src/app/verification/page.tsx(130,13): error TS2339: Property 'div' does not exist on type 'JSX.IntrinsicElements'.
src/app/verification/page.tsx(131,17): error TS2339: Property 'div' does not exist on type 'JSX.IntrinsicElements'.
src/app/verification/page.tsx(132,21): error TS2339: Property 'div' does not exist on type 'JSX.IntrinsicElements'.
src/app/verification/page.tsx(134,25): error TS2339: Property 'h1' does not exist on type 'JSX.IntrinsicElements'.
src/app/verification/page.tsx(134,91): error TS2339: Property 'h1' does not exist on type 'JSX.IntrinsicElements'.
src/app/verification/page.tsx(135,21): error TS2339: Property 'div' does not exist on type 'JSX.IntrinsicElements'.
src/app/verification/page.tsx(136,21): error TS2339: Property 'p' does not exist on type 'JSX.IntrinsicElements'.
src/app/verification/page.tsx(136,118): error TS2339: Property 'p' does not exist on type 'JSX.IntrinsicElements'.
src/app/verification/page.tsx(137,17): error TS2339: Property 'div' does not exist on type 'JSX.IntrinsicElements'.
src/app/verification/page.tsx(139,17): error TS2339: Property 'button' does not exist on type 'JSX.IntrinsicElements'.
src/app/verification/page.tsx(145,21): error TS2339: Property 'span' does not exist on type 'JSX.IntrinsicElements'.
src/app/verification/page.tsx(145,82): error TS2339: Property 'span' does not exist on type 'JSX.IntrinsicElements'.
src/app/verification/page.tsx(146,17): error TS2339: Property 'button' does not exist on type 'JSX.IntrinsicElements'.
src/app/verification/page.tsx(147,13): error TS2339: Property 'div' does not exist on type 'JSX.IntrinsicElements'.
src/app/verification/page.tsx(149,13): error TS2339: Property 'div' does not exist on type 'JSX.IntrinsicElements'.
src/app/verification/page.tsx(153,13): error TS2339: Property 'div' does not exist on type 'JSX.IntrinsicElements'.
src/app/verification/page.tsx(155,13): error TS2339: Property 'div' does not exist on type 'JSX.IntrinsicElements'.
src/app/verification/page.tsx(156,17): error TS2339: Property 'div' does not exist on type 'JSX.IntrinsicElements'.
src/app/verification/page.tsx(157,21): error TS2339: Property 'h3' does not exist on type 'JSX.IntrinsicElements'.
src/app/verification/page.tsx(157,121): error TS2339: Property 'h3' does not exist on type 'JSX.IntrinsicElements'.
src/app/verification/page.tsx(158,21): error TS2339: Property 'div' does not exist on type 'JSX.IntrinsicElements'.
src/app/verification/page.tsx(159,25): error TS2339: Property 'span' does not exist on type 'JSX.IntrinsicElements'.
src/app/verification/page.tsx(159,90): error TS2339: Property 'span' does not exist on type 'JSX.IntrinsicElements'.
src/app/verification/page.tsx(160,25): error TS2339: Property 'span' does not exist on type 'JSX.IntrinsicElements'.
src/app/verification/page.tsx(162,25): error TS2339: Property 'span' does not exist on type 'JSX.IntrinsicElements'.
src/app/verification/page.tsx(163,21): error TS2339: Property 'div' does not exist on type 'JSX.IntrinsicElements'.
src/app/verification/page.tsx(164,17): error TS2339: Property 'div' does not exist on type 'JSX.IntrinsicElements'.
src/app/verification/page.tsx(166,17): error TS2339: Property 'div' does not exist on type 'JSX.IntrinsicElements'.
src/app/verification/page.tsx(173,29): error TS2322: Type '{ key: string; initial: { opacity: number; x: number; }; animate: { opacity: number; x: number; }; transition: { delay: number; }; className: string; }' is not assignable to type 'AttributesWithoutMotionProps<unknown> & MotionProps & RefAttributes<HTMLDivElement>'.
  Property 'className' does not exist on type 'AttributesWithoutMotionProps<unknown> & MotionProps & RefAttributes<HTMLDivElement>'.
src/app/verification/page.tsx(175,29): error TS2339: Property 'div' does not exist on type 'JSX.IntrinsicElements'.
src/app/verification/page.tsx(176,33): error TS2339: Property 'div' does not exist on type 'JSX.IntrinsicElements'.
src/app/verification/page.tsx(181,33): error TS2339: Property 'div' does not exist on type 'JSX.IntrinsicElements'.
src/app/verification/page.tsx(182,33): error TS2339: Property 'div' does not exist on type 'JSX.IntrinsicElements'.
src/app/verification/page.tsx(183,37): error TS2339: Property 'div' does not exist on type 'JSX.IntrinsicElements'.
src/app/verification/page.tsx(184,41): error TS2339: Property 'h4' does not exist on type 'JSX.IntrinsicElements'.
src/app/verification/page.tsx(184,86): error TS2339: Property 'h4' does not exist on type 'JSX.IntrinsicElements'.
src/app/verification/page.tsx(185,41): error TS2339: Property 'span' does not exist on type 'JSX.IntrinsicElements'.
src/app/verification/page.tsx(187,41): error TS2339: Property 'span' does not exist on type 'JSX.IntrinsicElements'.
src/app/verification/page.tsx(188,37): error TS2339: Property 'div' does not exist on type 'JSX.IntrinsicElements'.
src/app/verification/page.tsx(189,37): error TS2339: Property 'p' does not exist on type 'JSX.IntrinsicElements'.
src/app/verification/page.tsx(189,96): error TS2339: Property 'p' does not exist on type 'JSX.IntrinsicElements'.
src/app/verification/page.tsx(190,33): error TS2339: Property 'div' does not exist on type 'JSX.IntrinsicElements'.
src/app/verification/page.tsx(191,29): error TS2339: Property 'div' does not exist on type 'JSX.IntrinsicElements'.
src/app/verification/page.tsx(192,29): error TS2339: Property 'div' does not exist on type 'JSX.IntrinsicElements'.
src/app/verification/page.tsx(193,33): error TS2339: Property 'div' does not exist on type 'JSX.IntrinsicElements'.
src/app/verification/page.tsx(194,37): error TS2339: Property 'p' does not exist on type 'JSX.IntrinsicElements'.
src/app/verification/page.tsx(194,113): error TS2339: Property 'p' does not exist on type 'JSX.IntrinsicElements'.
src/app/verification/page.tsx(195,37): error TS2339: Property 'p' does not exist on type 'JSX.IntrinsicElements'.
src/app/verification/page.tsx(195,110): error TS2339: Property 'p' does not exist on type 'JSX.IntrinsicElements'.
src/app/verification/page.tsx(196,33): error TS2339: Property 'div' does not exist on type 'JSX.IntrinsicElements'.
src/app/verification/page.tsx(197,33): error TS2339: Property 'div' does not exist on type 'JSX.IntrinsicElements'.
src/app/verification/page.tsx(201,41): error TS2322: Type '{ initial: { width: number; }; animate: { width: string; }; className: string; }' is not assignable to type 'AttributesWithoutMotionProps<unknown> & MotionProps & RefAttributes<HTMLDivElement>'.
  Property 'className' does not exist on type 'AttributesWithoutMotionProps<unknown> & MotionProps & RefAttributes<HTMLDivElement>'.
src/app/verification/page.tsx(203,33): error TS2339: Property 'div' does not exist on type 'JSX.IntrinsicElements'.
src/app/verification/page.tsx(204,29): error TS2339: Property 'div' does not exist on type 'JSX.IntrinsicElements'.
src/app/verification/page.tsx(207,17): error TS2339: Property 'div' does not exist on type 'JSX.IntrinsicElements'.
src/app/verification/page.tsx(208,13): error TS2339: Property 'div' does not exist on type 'JSX.IntrinsicElements'.
src/app/verification/page.tsx(210,13): error TS2339: Property 'div' does not exist on type 'JSX.IntrinsicElements'.
src/app/verification/page.tsx(211,17): error TS2339: Property 'div' does not exist on type 'JSX.IntrinsicElements'.
src/app/verification/page.tsx(213,21): error TS2339: Property 'h4' does not exist on type 'JSX.IntrinsicElements'.
src/app/verification/page.tsx(213,73): error TS2339: Property 'h4' does not exist on type 'JSX.IntrinsicElements'.
src/app/verification/page.tsx(214,17): error TS2339: Property 'div' does not exist on type 'JSX.IntrinsicElements'.
src/app/verification/page.tsx(215,17): error TS2339: Property 'p' does not exist on type 'JSX.IntrinsicElements'.
src/app/verification/page.tsx(220,17): error TS2339: Property 'p' does not exist on type 'JSX.IntrinsicElements'.
src/app/verification/page.tsx(221,13): error TS2339: Property 'div' does not exist on type 'JSX.IntrinsicElements'.
src/app/verification/page.tsx(222,9): error TS2339: Property 'div' does not exist on type 'JSX.IntrinsicElements'.
src/app/verification/page.tsx(228,9): error TS2339: Property 'div' does not exist on type 'JSX.IntrinsicElements'.
src/app/verification/page.tsx(229,13): error TS2339: Property 'div' does not exist on type 'JSX.IntrinsicElements'.
src/app/verification/page.tsx(231,13): error TS2339: Property 'div' does not exist on type 'JSX.IntrinsicElements'.
src/app/verification/page.tsx(232,13): error TS2339: Property 'div' does not exist on type 'JSX.IntrinsicElements'.
src/app/verification/page.tsx(233,17): error TS2339: Property 'p' does not exist on type 'JSX.IntrinsicElements'.
src/app/verification/page.tsx(233,105): error TS2339: Property 'p' does not exist on type 'JSX.IntrinsicElements'.
src/app/verification/page.tsx(234,17): error TS2339: Property 'h3' does not exist on type 'JSX.IntrinsicElements'.
src/app/verification/page.tsx(234,59): error TS2339: Property 'h3' does not exist on type 'JSX.IntrinsicElements'.
src/app/verification/page.tsx(235,17): error TS2339: Property 'p' does not exist on type 'JSX.IntrinsicElements'.
src/app/verification/page.tsx(235,92): error TS2339: Property 'p' does not exist on type 'JSX.IntrinsicElements'.
src/app/verification/page.tsx(236,13): error TS2339: Property 'div' does not exist on type 'JSX.IntrinsicElements'.
src/app/verification/page.tsx(237,9): error TS2339: Property 'div' does not exist on type 'JSX.IntrinsicElements'.
src/components/common/Header.tsx(31,5): error TS2339: Property 'header' does not exist on type 'JSX.IntrinsicElements'.
src/components/common/Header.tsx(32,7): error TS2339: Property 'div' does not exist on type 'JSX.IntrinsicElements'.
src/components/common/Header.tsx(34,11): error TS2339: Property 'div' does not exist on type 'JSX.IntrinsicElements'.
src/components/common/Header.tsx(36,11): error TS2339: Property 'div' does not exist on type 'JSX.IntrinsicElements'.
src/components/common/Header.tsx(37,11): error TS2339: Property 'div' does not exist on type 'JSX.IntrinsicElements'.
src/components/common/Header.tsx(38,13): error TS2339: Property 'span' does not exist on type 'JSX.IntrinsicElements'.
src/components/common/Header.tsx(38,105): error TS2339: Property 'span' does not exist on type 'JSX.IntrinsicElements'.
src/components/common/Header.tsx(39,13): error TS2339: Property 'span' does not exist on type 'JSX.IntrinsicElements'.
src/components/common/Header.tsx(39,124): error TS2339: Property 'span' does not exist on type 'JSX.IntrinsicElements'.
src/components/common/Header.tsx(40,11): error TS2339: Property 'div' does not exist on type 'JSX.IntrinsicElements'.
src/components/common/Header.tsx(43,9): error TS2339: Property 'nav' does not exist on type 'JSX.IntrinsicElements'.
src/components/common/Header.tsx(58,17): error TS2339: Property 'span' does not exist on type 'JSX.IntrinsicElements'.
src/components/common/Header.tsx(58,34): error TS2339: Property 'span' does not exist on type 'JSX.IntrinsicElements'.
src/components/common/Header.tsx(63,21): error TS2322: Type '{ layoutId: string; className: string; transition: { type: "spring"; bounce: number; duration: number; }; }' is not assignable to type 'AttributesWithoutMotionProps<unknown> & MotionProps & RefAttributes<HTMLDivElement>'.
  Property 'className' does not exist on type 'AttributesWithoutMotionProps<unknown> & MotionProps & RefAttributes<HTMLDivElement>'.
src/components/common/Header.tsx(71,21): error TS2322: Type '{ layoutId: string; className: string; transition: { type: "spring"; bounce: number; duration: number; }; }' is not assignable to type 'AttributesWithoutMotionProps<unknown> & MotionProps & RefAttributes<HTMLDivElement>'.
  Property 'className' does not exist on type 'AttributesWithoutMotionProps<unknown> & MotionProps & RefAttributes<HTMLDivElement>'.
src/components/common/Header.tsx(78,9): error TS2339: Property 'nav' does not exist on type 'JSX.IntrinsicElements'.
src/components/common/Header.tsx(80,9): error TS2339: Property 'div' does not exist on type 'JSX.IntrinsicElements'.
src/components/common/Header.tsx(81,11): error TS2339: Property 'button' does not exist on type 'JSX.IntrinsicElements'.
src/components/common/Header.tsx(82,13): error TS2339: Property 'span' does not exist on type 'JSX.IntrinsicElements'.
src/components/common/Header.tsx(82,30): error TS2339: Property 'span' does not exist on type 'JSX.IntrinsicElements'.
src/components/common/Header.tsx(84,11): error TS2339: Property 'button' does not exist on type 'JSX.IntrinsicElements'.
src/components/common/Header.tsx(85,9): error TS2339: Property 'div' does not exist on type 'JSX.IntrinsicElements'.
src/components/common/Header.tsx(86,7): error TS2339: Property 'div' does not exist on type 'JSX.IntrinsicElements'.
src/components/common/Header.tsx(87,5): error TS2339: Property 'header' does not exist on type 'JSX.IntrinsicElements'.
src/components/layout/NeuralBackground.tsx(55,9): error TS2339: Property 'div' does not exist on type 'JSX.IntrinsicElements'.
src/components/layout/NeuralBackground.tsx(61,13): error TS2339: Property 'div' does not exist on type 'JSX.IntrinsicElements'.
src/components/layout/NeuralBackground.tsx(62,9): error TS2339: Property 'div' does not exist on type 'JSX.IntrinsicElements'.
src/components/search/SearchInterface.tsx(44,9): error TS2339: Property 'div' does not exist on type 'JSX.IntrinsicElements'.
src/components/search/SearchInterface.tsx(45,13): error TS2339: Property 'div' does not exist on type 'JSX.IntrinsicElements'.
src/components/search/SearchInterface.tsx(49,21): error TS2322: Type '{ initial: { opacity: number; y: number; }; animate: { opacity: number; y: number; }; className: string; }' is not assignable to type 'AttributesWithoutMotionProps<unknown> & MotionProps & RefAttributes<HTMLDivElement>'.
  Property 'className' does not exist on type 'AttributesWithoutMotionProps<unknown> & MotionProps & RefAttributes<HTMLDivElement>'.
src/components/search/SearchInterface.tsx(52,21): error TS2339: Property 'span' does not exist on type 'JSX.IntrinsicElements'.
src/components/search/SearchInterface.tsx(52,116): error TS2339: Property 'span' does not exist on type 'JSX.IntrinsicElements'.
src/components/search/SearchInterface.tsx(59,21): error TS2322: Type '{ initial: { opacity: number; y: number; }; animate: { opacity: number; y: number; }; transition: { delay: number; }; className: string; }' is not assignable to type 'AttributesWithoutMotionProps<unknown> & MotionProps & RefAttributes<HTMLHeadingElement>'.
  Property 'className' does not exist on type 'AttributesWithoutMotionProps<unknown> & MotionProps & RefAttributes<HTMLHeadingElement>'.
src/components/search/SearchInterface.tsx(68,21): error TS2322: Type '{ initial: { opacity: number; y: number; }; animate: { opacity: number; y: number; }; transition: { delay: number; }; className: string; }' is not assignable to type 'AttributesWithoutMotionProps<unknown> & MotionProps & RefAttributes<HTMLParagraphElement>'.
  Property 'className' does not exist on type 'AttributesWithoutMotionProps<unknown> & MotionProps & RefAttributes<HTMLParagraphElement>'.
src/components/search/SearchInterface.tsx(73,13): error TS2339: Property 'div' does not exist on type 'JSX.IntrinsicElements'.
src/components/search/SearchInterface.tsx(75,13): error TS2339: Property 'div' does not exist on type 'JSX.IntrinsicElements'.
src/components/search/SearchInterface.tsx(76,17): error TS2339: Property 'div' does not exist on type 'JSX.IntrinsicElements'.
src/components/search/SearchInterface.tsx(81,17): error TS2339: Property 'div' does not exist on type 'JSX.IntrinsicElements'.
src/components/search/SearchInterface.tsx(85,21): error TS2339: Property 'div' does not exist on type 'JSX.IntrinsicElements'.
src/components/search/SearchInterface.tsx(91,25): error TS2339: Property 'div' does not exist on type 'JSX.IntrinsicElements'.
src/components/search/SearchInterface.tsx(92,29): error TS2339: Property 'input' does not exist on type 'JSX.IntrinsicElements'.
src/components/search/SearchInterface.tsx(96,44): error TS7006: Parameter 'e' implicitly has an 'any' type.
src/components/search/SearchInterface.tsx(108,37): error TS2322: Type '{ animate: { opacity: number[]; }; transition: { duration: number; repeat: number; ease: "linear"; }; className: string; }' is not assignable to type 'AttributesWithoutMotionProps<unknown> & MotionProps & RefAttributes<HTMLDivElement>'.
  Property 'className' does not exist on type 'AttributesWithoutMotionProps<unknown> & MotionProps & RefAttributes<HTMLDivElement>'.
src/components/search/SearchInterface.tsx(111,25): error TS2339: Property 'div' does not exist on type 'JSX.IntrinsicElements'.
src/components/search/SearchInterface.tsx(113,25): error TS2339: Property 'div' does not exist on type 'JSX.IntrinsicElements'.
src/components/search/SearchInterface.tsx(115,29): error TS2339: Property 'span' does not exist on type 'JSX.IntrinsicElements'.
src/components/search/SearchInterface.tsx(115,93): error TS2339: Property 'span' does not exist on type 'JSX.IntrinsicElements'.
src/components/search/SearchInterface.tsx(116,25): error TS2339: Property 'div' does not exist on type 'JSX.IntrinsicElements'.
src/components/search/SearchInterface.tsx(117,21): error TS2339: Property 'div' does not exist on type 'JSX.IntrinsicElements'.
src/components/search/SearchInterface.tsx(125,33): error TS2322: Type '{ initial: { opacity: number; y: number; }; animate: { opacity: number; y: number; }; exit: { opacity: number; y: number; }; className: string; }' is not assignable to type 'AttributesWithoutMotionProps<unknown> & MotionProps & RefAttributes<HTMLDivElement>'.
  Property 'className' does not exist on type 'AttributesWithoutMotionProps<unknown> & MotionProps & RefAttributes<HTMLDivElement>'.
src/components/search/SearchInterface.tsx(128,37): error TS2339: Property 'button' does not exist on type 'JSX.IntrinsicElements'.
src/components/search/SearchInterface.tsx(140,41): error TS2339: Property 'div' does not exist on type 'JSX.IntrinsicElements'.
src/components/search/SearchInterface.tsx(146,45): error TS2339: Property 'div' does not exist on type 'JSX.IntrinsicElements'.
src/components/search/SearchInterface.tsx(147,49): error TS2339: Property 'span' does not exist on type 'JSX.IntrinsicElements'.
src/components/search/SearchInterface.tsx(147,90): error TS2339: Property 'span' does not exist on type 'JSX.IntrinsicElements'.
src/components/search/SearchInterface.tsx(149,53): error TS2339: Property 'span' does not exist on type 'JSX.IntrinsicElements'.
src/components/search/SearchInterface.tsx(149,128): error TS2339: Property 'span' does not exist on type 'JSX.IntrinsicElements'.
src/components/search/SearchInterface.tsx(151,45): error TS2339: Property 'div' does not exist on type 'JSX.IntrinsicElements'.
src/components/search/SearchInterface.tsx(152,41): error TS2339: Property 'div' does not exist on type 'JSX.IntrinsicElements'.
src/components/search/SearchInterface.tsx(153,41): error TS2339: Property 'div' does not exist on type 'JSX.IntrinsicElements'.
src/components/search/SearchInterface.tsx(154,45): error TS2339: Property 'span' does not exist on type 'JSX.IntrinsicElements'.
src/components/search/SearchInterface.tsx(154,153): error TS2339: Property 'span' does not exist on type 'JSX.IntrinsicElements'.
src/components/search/SearchInterface.tsx(159,41): error TS2339: Property 'div' does not exist on type 'JSX.IntrinsicElements'.
src/components/search/SearchInterface.tsx(160,37): error TS2339: Property 'button' does not exist on type 'JSX.IntrinsicElements'.
src/components/search/SearchInterface.tsx(165,17): error TS2339: Property 'div' does not exist on type 'JSX.IntrinsicElements'.
src/components/search/SearchInterface.tsx(166,13): error TS2339: Property 'div' does not exist on type 'JSX.IntrinsicElements'.
src/components/search/SearchInterface.tsx(172,17): error TS2322: Type '{ initial: { opacity: number; }; animate: { opacity: number; }; transition: { delay: number; }; className: string; }' is not assignable to type 'AttributesWithoutMotionProps<unknown> & MotionProps & RefAttributes<HTMLDivElement>'.
  Property 'className' does not exist on type 'AttributesWithoutMotionProps<unknown> & MotionProps & RefAttributes<HTMLDivElement>'.
src/components/search/SearchInterface.tsx(174,17): error TS2339: Property 'div' does not exist on type 'JSX.IntrinsicElements'.
src/components/search/SearchInterface.tsx(175,21): error TS2339: Property 'div' does not exist on type 'JSX.IntrinsicElements'.
src/components/search/SearchInterface.tsx(176,21): error TS2339: Property 'span' does not exist on type 'JSX.IntrinsicElements'.
src/components/search/SearchInterface.tsx(176,97): error TS2339: Property 'span' does not exist on type 'JSX.IntrinsicElements'.
src/components/search/SearchInterface.tsx(177,17): error TS2339: Property 'div' does not exist on type 'JSX.IntrinsicElements'.
src/components/search/SearchInterface.tsx(178,17): error TS2339: Property 'div' does not exist on type 'JSX.IntrinsicElements'.
src/components/search/SearchInterface.tsx(179,21): error TS2339: Property 'div' does not exist on type 'JSX.IntrinsicElements'.
src/components/search/SearchInterface.tsx(180,21): error TS2339: Property 'span' does not exist on type 'JSX.IntrinsicElements'.
src/components/search/SearchInterface.tsx(180,99): error TS2339: Property 'span' does not exist on type 'JSX.IntrinsicElements'.
src/components/search/SearchInterface.tsx(181,17): error TS2339: Property 'div' does not exist on type 'JSX.IntrinsicElements'.
src/components/search/SearchInterface.tsx(182,17): error TS2339: Property 'div' does not exist on type 'JSX.IntrinsicElements'.
src/components/search/SearchInterface.tsx(183,21): error TS2339: Property 'div' does not exist on type 'JSX.IntrinsicElements'.
src/components/search/SearchInterface.tsx(184,21): error TS2339: Property 'span' does not exist on type 'JSX.IntrinsicElements'.
src/components/search/SearchInterface.tsx(184,98): error TS2339: Property 'span' does not exist on type 'JSX.IntrinsicElements'.
src/components/search/SearchInterface.tsx(185,17): error TS2339: Property 'div' does not exist on type 'JSX.IntrinsicElements'.
src/components/search/SearchInterface.tsx(187,9): error TS2339: Property 'div' does not exist on type 'JSX.IntrinsicElements'.
src/components/visualization/TrieVisualizer.tsx(65,13): error TS2339: Property 'div' does not exist on type 'JSX.IntrinsicElements'.
src/components/visualization/TrieVisualizer.tsx(66,17): error TS2339: Property 'div' does not exist on type 'JSX.IntrinsicElements'.
src/components/visualization/TrieVisualizer.tsx(67,17): error TS2339: Property 'p' does not exist on type 'JSX.IntrinsicElements'.
src/components/visualization/TrieVisualizer.tsx(67,120): error TS2339: Property 'p' does not exist on type 'JSX.IntrinsicElements'.
src/components/visualization/TrieVisualizer.tsx(68,13): error TS2339: Property 'div' does not exist on type 'JSX.IntrinsicElements'.
src/components/visualization/TrieVisualizer.tsx(73,9): error TS2339: Property 'div' does not exist on type 'JSX.IntrinsicElements'.
src/components/visualization/TrieVisualizer.tsx(74,13): error TS2339: Property 'div' does not exist on type 'JSX.IntrinsicElements'.
src/components/visualization/TrieVisualizer.tsx(75,17): error TS2339: Property 'div' does not exist on type 'JSX.IntrinsicElements'.
src/components/visualization/TrieVisualizer.tsx(76,17): error TS2339: Property 'h3' does not exist on type 'JSX.IntrinsicElements'.
src/components/visualization/TrieVisualizer.tsx(76,119): error TS2339: Property 'h3' does not exist on type 'JSX.IntrinsicElements'.
src/components/visualization/TrieVisualizer.tsx(77,13): error TS2339: Property 'div' does not exist on type 'JSX.IntrinsicElements'.
src/components/visualization/TrieVisualizer.tsx(79,13): error TS2339: Property 'div' does not exist on type 'JSX.IntrinsicElements'.
src/components/visualization/TrieVisualizer.tsx(81,13): error TS2339: Property 'div' does not exist on type 'JSX.IntrinsicElements'.
src/components/visualization/TrieVisualizer.tsx(83,13): error TS2339: Property 'div' does not exist on type 'JSX.IntrinsicElements'.
src/components/visualization/TrieVisualizer.tsx(88,13): error TS2339: Property 'div' does not exist on type 'JSX.IntrinsicElements'.
src/components/visualization/TrieVisualizer.tsx(89,9): error TS2339: Property 'div' does not exist on type 'JSX.IntrinsicElements'.
src/components/visualization/TrieVisualizer.tsx(95,9): error TS2339: Property 'div' does not exist on type 'JSX.IntrinsicElements'.
src/components/visualization/TrieVisualizer.tsx(99,17): error TS2322: Type '{ initial: { scale: number; opacity: number; }; animate: { scale: number; opacity: number; }; className: string; }' is not assignable to type 'AttributesWithoutMotionProps<unknown> & MotionProps & RefAttributes<HTMLDivElement>'.
  Property 'className' does not exist on type 'AttributesWithoutMotionProps<unknown> & MotionProps & RefAttributes<HTMLDivElement>'.
src/components/visualization/TrieVisualizer.tsx(105,17): error TS2339: Property 'span' does not exist on type 'JSX.IntrinsicElements'.
src/components/visualization/TrieVisualizer.tsx(105,66): error TS2339: Property 'span' does not exist on type 'JSX.IntrinsicElements'.
src/components/visualization/TrieVisualizer.tsx(107,21): error TS2339: Property 'span' does not exist on type 'JSX.IntrinsicElements'.
src/components/visualization/TrieVisualizer.tsx(107,110): error TS2339: Property 'span' does not exist on type 'JSX.IntrinsicElements'.
src/components/visualization/TrieVisualizer.tsx(116,25): error TS2322: Type '{ initial: { height: number; }; animate: { height: number; }; className: string; }' is not assignable to type 'AttributesWithoutMotionProps<unknown> & MotionProps & RefAttributes<HTMLDivElement>'.
  Property 'className' does not exist on type 'AttributesWithoutMotionProps<unknown> & MotionProps & RefAttributes<HTMLDivElement>'.
src/components/visualization/TrieVisualizer.tsx(118,21): error TS2339: Property 'div' does not exist on type 'JSX.IntrinsicElements'.
src/components/visualization/TrieVisualizer.tsx(120,39): error TS2322: Type '{ key: string; node: VisualNode; }' is not assignable to type '{ node: VisualNode; }'.
  Property 'key' does not exist on type '{ node: VisualNode; }'.
src/components/visualization/TrieVisualizer.tsx(122,21): error TS2339: Property 'div' does not exist on type 'JSX.IntrinsicElements'.
src/components/visualization/TrieVisualizer.tsx(125,9): error TS2339: Property 'div' does not exist on type 'JSX.IntrinsicElements'.
src/components/visualization/TrieVisualizer.tsx(131,9): error TS2339: Property 'div' does not exist on type 'JSX.IntrinsicElements'.
src/components/visualization/TrieVisualizer.tsx(132,13): error TS2339: Property 'div' does not exist on type 'JSX.IntrinsicElements'.
src/components/visualization/TrieVisualizer.tsx(133,13): error TS2339: Property 'span' does not exist on type 'JSX.IntrinsicElements'.
src/components/visualization/TrieVisualizer.tsx(133,109): error TS2339: Property 'span' does not exist on type 'JSX.IntrinsicElements'.
src/components/visualization/TrieVisualizer.tsx(134,9): error TS2339: Property 'div' does not exist on type 'JSX.IntrinsicElements'.
